   1               		.file	"Mobo_ABPF.c"
   2               	__SREG__ = 0x3f
   3               	__SP_H__ = 0x3e
   4               	__SP_L__ = 0x3d
   5               	__CCP__ = 0x34
   6               	__tmp_reg__ = 0
   7               	__zero_reg__ = 1
  15               	.Ltext0:
  16               		.section	.text.SetFilter,"ax",@progbits
  17               	.global	SetFilter
  19               	SetFilter:
  20               	.LFB6:
  21               	.LSM0:
  22               	.LVL0:
  23 0000 EF92      		push r14
  24 0002 FF92      		push r15
  25 0004 1F93      		push r17
  26 0006 CF93      		push r28
  27 0008 DF93      		push r29
  28               	/* prologue: function */
  29               	/* frame size = 0 */
  30               	/* stack size = 5 */
  31               	.L__stack_usage = 5
  32               	.LVL1:
  33               	.LSM1:
  34 000a E82E      		mov r14,r24
  35 000c E701      		movw r28,r14
  36 000e 7E01      		movw r14,r28
  37 0010 F92E      		mov r15,r25
  38 0012 E701      		movw r28,r14
  39 0014 E0E0      		ldi r30,lo8(R+70)
  40 0016 F0E0      		ldi r31,hi8(R+70)
  41               	.LSM2:
  42 0018 10E0      		ldi r17,lo8(0)
  43               	.LVL2:
  44               	.L3:
  45               	.LSM3:
  46 001a 2191      		ld r18,Z+
  47 001c 3191      		ld r19,Z+
  48 001e C217      		cp r28,r18
  49 0020 D307      		cpc r29,r19
  50 0022 00F0      		brlo .L2
  51               	.LSM4:
  52 0024 1F5F      		subi r17,lo8(-(1))
  53               	.LVL3:
  54 0026 1730      		cpi r17,lo8(7)
  55 0028 01F4      		brne .L3
  56               	.LVL4:
  57               	.L2:
  58               	.LSM5:
  59 002a 8091 0000 		lds r24,pcf_data_out
  60 002e 887F      		andi r24,lo8(-8)
  61 0030 8093 0000 		sts pcf_data_out,r24
  62               	.LSM6:
  63 0034 812F      		mov r24,r17
  64 0036 0E94 0000 		call MoboPCF_set
  65               	.LVL5:
  66               	.LSM7:
  67 003a 1093 0000 		sts selectedFilters,r17
  68               	.LVL6:
  69 003e E0E0      		ldi r30,lo8(R+86)
  70 0040 F0E0      		ldi r31,hi8(R+86)
  71               	.LSM8:
  72 0042 10E0      		ldi r17,lo8(0)
  73               	.LVL7:
  74               	.L5:
  75               	.LSM9:
  76 0044 8191      		ld r24,Z+
  77 0046 9191      		ld r25,Z+
  78 0048 C817      		cp r28,r24
  79 004a D907      		cpc r29,r25
  80 004c 00F0      		brlo .L4
  81               	.LSM10:
  82 004e 1F5F      		subi r17,lo8(-(1))
  83               	.LVL8:
  84 0050 1730      		cpi r17,lo8(7)
  85 0052 01F4      		brne .L5
  86               	.LVL9:
  87               	.L4:
  88               	.LSM11:
  89 0054 61E0      		ldi r22,lo8(1)
  90 0056 70E0      		ldi r23,hi8(1)
  91 0058 012E      		mov r0,r17
  92 005a 00C0      		rjmp 2f
  93 005c 660F      	1:	lsl r22
  94 005e 771F      		rol r23
  95 0060 0A94      	2:	dec r0
  96 0062 02F4      		brpl 1b
  97               	.LSM12:
  98 0064 8091 0000 		lds r24,R+6
  99 0068 0E94 0000 		call pcf8574_byte
 100               	.LSM13:
 101 006c 1093 0000 		sts selectedFilters+1,r17
 102               	/* epilogue start */
 103               	.LSM14:
 104 0070 DF91      		pop r29
 105 0072 CF91      		pop r28
 106 0074 1F91      		pop r17
 107 0076 FF90      		pop r15
 108 0078 EF90      		pop r14
 109 007a 0895      		ret
 110               	.LFE6:
 136               	.Letext0:
DEFINED SYMBOLS
                            *ABS*:00000000 Mobo_ABPF.c
C:\Users\Alex\AppData\Local\Temp\cc16AA7J.s:2      *ABS*:0000003f __SREG__
C:\Users\Alex\AppData\Local\Temp\cc16AA7J.s:3      *ABS*:0000003e __SP_H__
C:\Users\Alex\AppData\Local\Temp\cc16AA7J.s:4      *ABS*:0000003d __SP_L__
C:\Users\Alex\AppData\Local\Temp\cc16AA7J.s:5      *ABS*:00000034 __CCP__
C:\Users\Alex\AppData\Local\Temp\cc16AA7J.s:6      *ABS*:00000000 __tmp_reg__
C:\Users\Alex\AppData\Local\Temp\cc16AA7J.s:7      *ABS*:00000001 __zero_reg__
C:\Users\Alex\AppData\Local\Temp\cc16AA7J.s:19     .text.SetFilter:00000000 SetFilter

UNDEFINED SYMBOLS
R
pcf_data_out
MoboPCF_set
selectedFilters
pcf8574_byte
