Archive member included because of file (symbol)

c:/program files (x86)/atmel/avr studio 5.0/avr toolchain/bin/../lib/gcc/avr/4.5.1/../../../../avr/lib/avr35\libm.a(fixunssfsi.o)
                              Mobo_LCD_Display.o (__fixunssfsi)
c:/program files (x86)/atmel/avr studio 5.0/avr toolchain/bin/../lib/gcc/avr/4.5.1/../../../../avr/lib/avr35\libm.a(floatsisf.o)
                              Mobo_LCD_Display.o (__floatunsisf)
c:/program files (x86)/atmel/avr studio 5.0/avr toolchain/bin/../lib/gcc/avr/4.5.1/../../../../avr/lib/avr35\libm.a(fp_split3.o)
                              c:/program files (x86)/atmel/avr studio 5.0/avr toolchain/bin/../lib/gcc/avr/4.5.1/../../../../avr/lib/avr35\libm.a(fixunssfsi.o) (__fp_splitA)
c:/program files (x86)/atmel/avr studio 5.0/avr toolchain/bin/../lib/gcc/avr/4.5.1/../../../../avr/lib/avr35\libm.a(fp_zero.o)
                              c:/program files (x86)/atmel/avr studio 5.0/avr toolchain/bin/../lib/gcc/avr/4.5.1/../../../../avr/lib/avr35\libm.a(fixunssfsi.o) (__fp_zero)
c:/program files (x86)/atmel/avr studio 5.0/avr toolchain/bin/../lib/gcc/avr/4.5.1/../../../../avr/lib/avr35\libm.a(mulsf3.o)
                              Mobo_LCD_Display.o (__mulsf3)
c:/program files (x86)/atmel/avr studio 5.0/avr toolchain/bin/../lib/gcc/avr/4.5.1/../../../../avr/lib/avr35\libm.a(mulsf3x.o)
                              c:/program files (x86)/atmel/avr studio 5.0/avr toolchain/bin/../lib/gcc/avr/4.5.1/../../../../avr/lib/avr35\libm.a(mulsf3.o) (__mulsf3x)
c:/program files (x86)/atmel/avr studio 5.0/avr toolchain/bin/../lib/gcc/avr/4.5.1/../../../../avr/lib/avr35\libm.a(fp_inf.o)
                              c:/program files (x86)/atmel/avr studio 5.0/avr toolchain/bin/../lib/gcc/avr/4.5.1/../../../../avr/lib/avr35\libm.a(mulsf3x.o) (__fp_inf)
c:/program files (x86)/atmel/avr studio 5.0/avr toolchain/bin/../lib/gcc/avr/4.5.1/../../../../avr/lib/avr35\libm.a(fp_nan.o)
                              c:/program files (x86)/atmel/avr studio 5.0/avr toolchain/bin/../lib/gcc/avr/4.5.1/../../../../avr/lib/avr35\libm.a(mulsf3x.o) (__fp_nan)
c:/program files (x86)/atmel/avr studio 5.0/avr toolchain/bin/../lib/gcc/avr/4.5.1/../../../../avr/lib/avr35\libm.a(fp_pscA.o)
                              c:/program files (x86)/atmel/avr studio 5.0/avr toolchain/bin/../lib/gcc/avr/4.5.1/../../../../avr/lib/avr35\libm.a(mulsf3x.o) (__fp_pscA)
c:/program files (x86)/atmel/avr studio 5.0/avr toolchain/bin/../lib/gcc/avr/4.5.1/../../../../avr/lib/avr35\libm.a(fp_pscB.o)
                              c:/program files (x86)/atmel/avr studio 5.0/avr toolchain/bin/../lib/gcc/avr/4.5.1/../../../../avr/lib/avr35\libm.a(mulsf3x.o) (__fp_pscB)
c:/program files (x86)/atmel/avr studio 5.0/avr toolchain/bin/../lib/gcc/avr/4.5.1/../../../../avr/lib/avr35\libm.a(fp_round.o)
                              c:/program files (x86)/atmel/avr studio 5.0/avr toolchain/bin/../lib/gcc/avr/4.5.1/../../../../avr/lib/avr35\libm.a(mulsf3.o) (__fp_round)
c:/program files (x86)/atmel/avr studio 5.0/avr toolchain/bin/../lib/gcc/avr/4.5.1/avr35\libgcc.a(_mulqi3.o)
                              Mobo_ShaftEncoder.o (__mulqi3)
c:/program files (x86)/atmel/avr studio 5.0/avr toolchain/bin/../lib/gcc/avr/4.5.1/avr35\libgcc.a(_mulhi3.o)
                              Mobo.o (__mulhi3)
c:/program files (x86)/atmel/avr studio 5.0/avr toolchain/bin/../lib/gcc/avr/4.5.1/avr35\libgcc.a(_mulsi3.o)
                              pe0fko_DeviceSi570.o (__mulsi3)
c:/program files (x86)/atmel/avr studio 5.0/avr toolchain/bin/../lib/gcc/avr/4.5.1/avr35\libgcc.a(_udivmodhi4.o)
                              Mobo.o (__udivmodhi4)
c:/program files (x86)/atmel/avr studio 5.0/avr toolchain/bin/../lib/gcc/avr/4.5.1/avr35\libgcc.a(_udivmodsi4.o)
                              avrlib/rprintf.o (__udivmodsi4)
c:/program files (x86)/atmel/avr studio 5.0/avr toolchain/bin/../lib/gcc/avr/4.5.1/avr35\libgcc.a(_divmodsi4.o)
                              avrlib/rprintf.o (__divmodsi4)
c:/program files (x86)/atmel/avr studio 5.0/avr toolchain/bin/../lib/gcc/avr/4.5.1/avr35\libgcc.a(_exit.o)
                              c:/program files (x86)/atmel/avr studio 5.0/avr toolchain/bin/../lib/gcc/avr/4.5.1/../../../../avr/lib/avr35/crtusb162.o (exit)
c:/program files (x86)/atmel/avr studio 5.0/avr toolchain/bin/../lib/gcc/avr/4.5.1/avr35\libgcc.a(_copy_data.o)
                              Mobo.o (__do_copy_data)
c:/program files (x86)/atmel/avr studio 5.0/avr toolchain/bin/../lib/gcc/avr/4.5.1/avr35\libgcc.a(_clear_bss.o)
                              USB-EP0.o (__do_clear_bss)
c:/program files (x86)/atmel/avr studio 5.0/avr toolchain/bin/../lib/gcc/avr/4.5.1/../../../../avr/lib/avr35\libc.a(eerd_block_at90usb162.o)
                              Mobo.o (__eerd_block_usb162)
c:/program files (x86)/atmel/avr studio 5.0/avr toolchain/bin/../lib/gcc/avr/4.5.1/../../../../avr/lib/avr35\libc.a(eerd_byte_at90usb162.o)
[...]
Memory Configuration

Name             Origin             Length             Attributes
text             0x00000000         0x00010000         xr
data             0x00800060         0x0000ffa0         rw !x
eeprom           0x00810000         0x00010000         rw !x
fuse             0x00820000         0x00000400         rw !x
lock             0x00830000         0x00000400         rw !x
signature        0x00840000         0x00000400         rw !x
*default*        0x00000000         0xffffffff

Linker script and memory map

Address of section .data set to 0x800100
LOAD c:/program files (x86)/atmel/avr studio 5.0/avr toolchain/bin/../lib/gcc/avr/4.5.1/../../../../avr/lib/avr35/crtusb162.o
LOAD USB-EP0.o
LOAD USB-Descriptors.o
LOAD Mobo.o
LOAD ../LUFA090605/LUFA/Scheduler/Scheduler.o
LOAD ../LUFA090605/LUFA/Drivers/USB/LowLevel/DevChapter9.o
LOAD ../LUFA090605/LUFA/Drivers/USB/LowLevel/Endpoint.o
LOAD ../LUFA090605/LUFA/Drivers/USB/LowLevel/Host.o
LOAD ../LUFA090605/LUFA/Drivers/USB/LowLevel/HostChapter9.o
LOAD ../LUFA090605/LUFA/Drivers/USB/LowLevel/LowLevel.o
LOAD ../LUFA090605/LUFA/Drivers/USB/LowLevel/Pipe.o
LOAD ../LUFA090605/LUFA/Drivers/USB/HighLevel/Events.o
LOAD ../LUFA090605/LUFA/Drivers/USB/HighLevel/USBInterrupt.o
LOAD ../LUFA090605/LUFA/Drivers/USB/HighLevel/USBTask.o
LOAD ../LUFA090605/LUFA/Drivers/USB/HighLevel/ConfigDescriptor.o
LOAD lcd.o
LOAD lcd_i2c.o
LOAD avrlib/rprintf.o
LOAD pe0fko_DeviceSi570.o
LOAD pe0fko_CalcVFO.o
LOAD pe0fko_I2Copencollector.o
LOAD Mobo_ShaftEncoder.o
LOAD Mobo_I2C_Peripherals.o
LOAD Mobo_LCD_Display.o
LOAD Mobo_ABPF.o
LOAD Mobo_Pwr_SWR_and_Bias_cal.o
LOAD Mobo_LCD_bargraph_lowlevel.o
LOAD c:/program files (x86)/atmel/avr studio 5.0/avr toolchain/bin/../lib/gcc/avr/4.5.1/../../../../avr/lib/avr35\libm.a
LOAD c:/program files (x86)/atmel/avr studio 5.0/avr toolchain/bin/../lib/gcc/avr/4.5.1/avr35\libgcc.a
LOAD c:/program files (x86)/atmel/avr studio 5.0/avr toolchain/bin/../lib/gcc/avr/4.5.1/../../../../avr/lib/avr35\libc.a
LOAD c:/program files (x86)/atmel/avr studio 5.0/avr toolchain/bin/../lib/gcc/avr/4.5.1/avr35\libgcc.a

.hash
 *(.hash)

.dynsym
 *(.dynsym)

.dynstr
 *(.dynstr)

.gnu.version
 *(.gnu.version)

.gnu.version_d
 *(.gnu.version_d)

.gnu.version_r
 *(.gnu.version_r)

.rel.init
 *(.rel.init)

.rela.init
 *(.rela.init)

.rel.text
 *(.rel.text)
 *(.rel.text.*)
 *(.rel.gnu.linkonce.t*)

.rela.text
 *(.rela.text)
 *(.rela.text.*)
 *(.rela.gnu.linkonce.t*)

.rel.fini
 *(.rel.fini)

.rela.fini
 *(.rela.fini)

.rel.rodata
 *(.rel.rodata)
 *(.rel.rodata.*)
 *(.rel.gnu.linkonce.r*)

.rela.rodata
 *(.rela.rodata)
 *(.rela.rodata.*)
 *(.rela.gnu.linkonce.r*)

.rel.data
 *(.rel.data)
 *(.rel.data.*)
 *(.rel.gnu.linkonce.d*)

.rela.data
 *(.rela.data)
 *(.rela.data.*)
 *(.rela.gnu.linkonce.d*)

.rel.ctors
 *(.rel.ctors)

.rela.ctors
 *(.rela.ctors)

.rel.dtors
 *(.rel.dtors)

.rela.dtors
 *(.rela.dtors)

.rel.got
 *(.rel.got)

.rela.got
 *(.rela.got)

.rel.bss
 *(.rel.bss)

.rela.bss
 *(.rela.bss)

.rel.plt
 *(.rel.plt)

.rela.plt
 *(.rela.plt)

.text           0x00000000     0x25c2
 *(.vectors)
 .vectors       0x00000000       0x74 c:/program files (x86)/atmel/avr studio 5.0/avr toolchain/bin/../lib/gcc/avr/4.5.1/../../../../avr/lib/avr35/crtusb162.o
                0x00000000                __vector_default
                0x00000000                __vectors
 *(.vectors)
 *(.progmem.gcc*)
 *(.progmem*)
 .progmem.data  0x00000074       0x72 USB-Descriptors.o
                0x00000074                DeviceDescriptor
                0x00000086                ConfigurationDescriptor
                0x00000098                LanguageString
                0x0000009c                ManufacturerString
                0x000000b8                ProductString
                0x000000d0                SerialNumberString
 .progmem.data  0x000000e6       0x8e Mobo_LCD_Display.o
 .progmem.data  0x00000174       0x30 Mobo_LCD_bargraph_lowlevel.o
                0x00000174                LcdCustomChar
                0x000001a4                . = ALIGN (0x2)
                0x000001a4                __trampolines_start = .
 *(.trampolines)
 .trampolines   0x000001a4        0x0 linker stubs
 *(.trampolines*)
                0x000001a4                __trampolines_end = .
 *(.jumptables)
 *(.jumptables*)
 *(.lowtext)
 *(.lowtext*)
                0x000001a4                __ctors_start = .
 *(.ctors)
                0x000001a4                __ctors_end = .
                0x000001a4                __dtors_start = .
 *(.dtors)
                0x000001a4                __dtors_end = .
 SORT(*)(.ctors)
 SORT(*)(.dtors)
 *(.init0)
 .init0         0x000001a4        0x0 c:/program files (x86)/atmel/avr studio 5.0/avr toolchain/bin/../lib/gcc/avr/4.5.1/../../../../avr/lib/avr35/crtusb162.o
                0x000001a4                __init
 *(.init0)
 *(.init1)
 *(.init1)
 *(.init2)
 .init2         0x000001a4        0xc c:/program files (x86)/atmel/avr studio 5.0/avr toolchain/bin/../lib/gcc/avr/4.5.1/../../../../avr/lib/avr35/crtusb162.o
 *(.init2)
 *(.init3)
 *(.init3)
 *(.init4)
 .init4         0x000001b0       0x16 c:/program files (x86)/atmel/avr studio 5.0/avr toolchain/bin/../lib/gcc/avr/4.5.1/avr35\libgcc.a(_copy_data.o)
                0x000001b0                __do_copy_data
 .init4         0x000001c6       0x10 c:/program files (x86)/atmel/avr studio 5.0/avr toolchain/bin/../lib/gcc/avr/4.5.1/avr35\libgcc.a(_clear_bss.o)
                0x000001c6                __do_clear_bss
 *(.init4)
 *(.init5)
 *(.init5)
 *(.init6)
 *(.init6)
 *(.init7)
 *(.init7)
 *(.init8)
 *(.init8)
 *(.init9)
 .init9         0x000001d6        0x6 c:/program files (x86)/atmel/avr studio 5.0/avr toolchain/bin/../lib/gcc/avr/4.5.1/../../../../avr/lib/avr35/crtusb162.o
 *(.init9)
 *(.text)
 .text          0x000001dc        0x2 c:/program files (x86)/atmel/avr studio 5.0/avr toolchain/bin/../lib/gcc/avr/4.5.1/../../../../avr/lib/avr35/crtusb162.o
                0x000001dc                __vector_22
                0x000001dc                __vector_28
                0x000001dc                __vector_1
                0x000001dc                __vector_24
                0x000001dc                __vector_12
                0x000001dc                __bad_interrupt
                0x000001dc                __vector_6
                0x000001dc                __vector_3
                0x000001dc                __vector_23
                0x000001dc                __vector_25
                0x000001dc                __vector_13
                0x000001dc                __vector_17
                0x000001dc                __vector_19
                0x000001dc                __vector_7
                0x000001dc                __vector_27
                0x000001dc                __vector_5
                0x000001dc                __vector_4
                0x000001dc                __vector_9
                0x000001dc                __vector_2
                0x000001dc                __vector_21
                0x000001dc                __vector_15
                0x000001dc                __vector_8
                0x000001dc                __vector_26
                0x000001dc                __vector_14
                0x000001dc                __vector_10
                0x000001dc                __vector_16
                0x000001dc                __vector_18
                0x000001dc                __vector_20
                0x000001de                . = ALIGN (0x2)
 *(.text.*)
 .text.Initialize_USB
                0x000001de        0x8 USB-EP0.o
                0x000001de                Initialize_USB
 .text.CALLBACK_USB_GetDescriptor
                0x000001e6       0x6a USB-Descriptors.o
                0x000001e6                CALLBACK_USB_GetDescriptor
 .text.maintask
                0x00000250      0x2c0 Mobo.o
                0x00000250                maintask
 .text.main     0x00000510       0xec Mobo.o
                0x00000510                main
 .text.USB_Device_ProcessControlPacket
                0x000005fc      0x33c ../LUFA090605/LUFA/Drivers/USB/LowLevel/DevChapter9.o
                0x000005fc                USB_Device_ProcessControlPacket
 .text.Endpoint_ConfigureEndpoint_Prv
                0x00000938       0x26 ../LUFA090605/LUFA/Drivers/USB/LowLevel/Endpoint.o
                0x00000938                Endpoint_ConfigureEndpoint_Prv
 .text.Endpoint_ClearEndpoints
                0x0000095e       0x2e ../LUFA090605/LUFA/Drivers/USB/LowLevel/Endpoint.o
                0x0000095e                Endpoint_ClearEndpoints
 .text.USB_ShutDown
                0x0000098c       0x32 ../LUFA090605/LUFA/Drivers/USB/LowLevel/LowLevel.o
                0x0000098c                USB_ShutDown
 .text.USB_ResetInterface
                0x000009be       0x6e ../LUFA090605/LUFA/Drivers/USB/LowLevel/LowLevel.o
                0x000009be                USB_ResetInterface
 .text.USB_Init
                0x00000a2c        0xe ../LUFA090605/LUFA/Drivers/USB/LowLevel/LowLevel.o
                0x00000a2c                USB_Init
 .text.USB_Event_Stub
                0x00000a3a        0x2 ../LUFA090605/LUFA/Drivers/USB/HighLevel/Events.o
                0x00000a3a                EVENT_USB_Reset
                0x00000a3a                EVENT_USB_UnhandledControlPacket
                0x00000a3a                EVENT_USB_DeviceEnumerationComplete
                0x00000a3a                USB_Event_Stub
                0x00000a3a                EVENT_USB_ConfigurationChanged
                0x00000a3a                EVENT_USB_WakeUp
                0x00000a3a                EVENT_USB_Disconnect
                0x00000a3a                EVENT_USB_Connect
                0x00000a3a                EVENT_USB_Suspend
 .text.USB_INT_DisableAllInterrupts
                0x00000a3c        0x6 ../LUFA090605/LUFA/Drivers/USB/HighLevel/USBInterrupt.o
                0x00000a3c                USB_INT_DisableAllInterrupts
 .text.USB_INT_ClearAllInterrupts
                0x00000a42        0x6 ../LUFA090605/LUFA/Drivers/USB/HighLevel/USBInterrupt.o
                0x00000a42                USB_INT_ClearAllInterrupts
 .text.__vector_11
                0x00000a48      0x13a ../LUFA090605/LUFA/Drivers/USB/HighLevel/USBInterrupt.o
                0x00000a48                __vector_11
 .text.USB_USBTask
                0x00000b82       0x30 ../LUFA090605/LUFA/Drivers/USB/HighLevel/USBTask.o
                0x00000b82                USB_USBTask
 .text._delayFourCycles
                0x00000bb2        0xe lcd.o
 .text.toggle_e
                0x00000bc0        0x8 lcd.o
 .text.lcd_write
                0x00000bc8       0x58 lcd.o
 .text.lcd_read.clone.0
                0x00000c20       0x42 lcd.o
 .text.lcd_waitbusy
                0x00000c62        0xe lcd.o
 .text.lcd_command
                0x00000c70       0x10 lcd.o
                0x00000c70                lcd_command
 .text.lcd_data
                0x00000c80       0x10 lcd.o
                0x00000c80                lcd_data
 .text.lcd_gotoxy
                0x00000c90       0x1c lcd.o
                0x00000c90                lcd_gotoxy
 .text.lcd_clrscr
                0x00000cac        0x4 lcd.o
                0x00000cac                lcd_clrscr
 .text.lcd_init
                0x00000cb0       0x3a lcd.o
                0x00000cb0                lcd_init
 .text.rprintfInit
                0x00000cea        0xa avrlib/rprintf.o
                0x00000cea                rprintfInit
 .text.rprintfChar
                0x00000cf4       0x24 avrlib/rprintf.o
                0x00000cf4                rprintfChar
 .text.atoiRamRom
                0x00000d18       0x44 avrlib/rprintf.o
                0x00000d18                atoiRamRom
 .text.rprintf2RamRom
                0x00000d5c      0x54a avrlib/rprintf.o
                0x00000d5c                rprintf2RamRom
 .text.Si570CalcRFREQ
                0x000012a6       0xda pe0fko_DeviceSi570.o
 .text.Si570CmdStart
                0x00001380       0x24 pe0fko_DeviceSi570.o
 .text.Si570Write
                0x000013a4       0x24 pe0fko_DeviceSi570.o
 .text.Si570CmdReg
                0x000013c8       0x22 pe0fko_DeviceSi570.o
                0x000013c8                Si570CmdReg
 .text.SetFreq  0x000013ea      0x170 pe0fko_DeviceSi570.o
                0x000013ea                SetFreq
 .text.DeviceInit
                0x0000155a       0x42 pe0fko_DeviceSi570.o
                0x0000155a                DeviceInit
 .text.I2CDelay
                0x0000159c        0xa pe0fko_I2Copencollector.o
 .text.I2CStretch
                0x000015a6       0x26 pe0fko_I2Copencollector.o
                0x000015a6                I2CStretch
 .text.I2CGetBit
                0x000015cc        0xe pe0fko_I2Copencollector.o
 .text.I2CSendStart
                0x000015da        0xe pe0fko_I2Copencollector.o
                0x000015da                I2CSendStart
 .text.I2CSendStop
                0x000015e8        0xa pe0fko_I2Copencollector.o
                0x000015e8                I2CSendStop
 .text.I2CSend0
                0x000015f2        0xa pe0fko_I2Copencollector.o
                0x000015f2                I2CSend0
 .text.I2CSend1
                0x000015fc        0xa pe0fko_I2Copencollector.o
                0x000015fc                I2CSend1
 .text.I2CSendByte
                0x00001606       0x34 pe0fko_I2Copencollector.o
                0x00001606                I2CSendByte
 .text.I2CReceiveByte
                0x0000163a       0x1c pe0fko_I2Copencollector.o
                0x0000163a                I2CReceiveByte
 .text.shaftEncoderInit
                0x00001656        0xa Mobo_ShaftEncoder.o
                0x00001656                shaftEncoderInit
 .text.encoder_scan
                0x00001660      0x164 Mobo_ShaftEncoder.o
                0x00001660                encoder_scan
 .text.pcf8574_byte
                0x000017c4       0x28 Mobo_I2C_Peripherals.o
                0x000017c4                pcf8574_byte
 .text.MoboPCF_clear
                0x000017ec       0x14 Mobo_I2C_Peripherals.o
                0x000017ec                MoboPCF_clear
 .text.MoboPCF_set
                0x00001800       0x10 Mobo_I2C_Peripherals.o
                0x00001800                MoboPCF_set
 .text.pcf8574_read
                0x00001810       0x28 Mobo_I2C_Peripherals.o
                0x00001810                pcf8574_read
 .text.tmp100   0x00001838       0x30 Mobo_I2C_Peripherals.o
                0x00001838                tmp100
 .text.ad5301   0x00001868       0x34 Mobo_I2C_Peripherals.o
                0x00001868                ad5301
 .text.ad7991_poll
                0x0000189c       0x86 Mobo_I2C_Peripherals.o
                0x0000189c                ad7991_poll
 .text.lcd_putchar_P
                0x00001922       0x1a Mobo_LCD_Display.o
                0x00001922                lcd_putchar_P
 .text.lcd_display_freq_and_filters
                0x0000193c       0xd2 Mobo_LCD_Display.o
                0x0000193c                lcd_display_freq_and_filters
 .text.lcd_display_P_SWR_V_C_T
                0x00001a0e      0x36c Mobo_LCD_Display.o
                0x00001a0e                lcd_display_P_SWR_V_C_T
 .text.lcd_display_TRX_stuff
                0x00001d7a       0x3c Mobo_LCD_Display.o
                0x00001d7a                lcd_display_TRX_stuff
 .text.lcd_display_TRX_status_on_change
                0x00001db6       0x22 Mobo_LCD_Display.o
                0x00001db6                lcd_display_TRX_status_on_change
 .text.lcd_display_Memory_Stored
                0x00001dd8       0x3c Mobo_LCD_Display.o
                0x00001dd8                lcd_display_Memory_Stored
 .text.SetFilter
                0x00001e14       0x78 Mobo_ABPF.o
                0x00001e14                SetFilter
 .text.measured_Power
                0x00001e8c       0x44 Mobo_Pwr_SWR_and_Bias_cal.o
                0x00001e8c                measured_Power
 .text.Test_SWR
                0x00001ed0      0x106 Mobo_Pwr_SWR_and_Bias_cal.o
                0x00001ed0                Test_SWR
 .text.PA_bias  0x00001fd6      0x140 Mobo_Pwr_SWR_and_Bias_cal.o
                0x00001fd6                PA_bias
 .text.lcdLoadCustomChar
                0x00002116       0x54 Mobo_LCD_bargraph_lowlevel.o
                0x00002116                lcdLoadCustomChar
 .text.lcdProgressBar
                0x0000216a       0x8a Mobo_LCD_bargraph_lowlevel.o
                0x0000216a                lcdProgressBar
 .text.lcd_bargraph_init
                0x000021f4       0x18 Mobo_LCD_bargraph_lowlevel.o
                0x000021f4                lcd_bargraph_init
 .text.avr-libc.fplib
                0x0000220c       0x58 c:/program files (x86)/atmel/avr studio 5.0/avr toolchain/bin/../lib/gcc/avr/4.5.1/../../../../avr/lib/avr35\libm.a(fixunssfsi.o)
                0x0000220c                __fixunssfsi
 .text.avr-libc.fplib
                0x00002264       0x7a c:/program files (x86)/atmel/avr studio 5.0/avr toolchain/bin/../lib/gcc/avr/4.5.1/../../../../avr/lib/avr35\libm.a(floatsisf.o)
                0x00002264                __floatunsisf
                0x00002268                __floatsisf
 .text.avr-libc.fplib
                0x000022de       0x44 c:/program files (x86)/atmel/avr studio 5.0/avr toolchain/bin/../lib/gcc/avr/4.5.1/../../../../avr/lib/avr35\libm.a(fp_split3.o)
                0x000022de                __fp_split3
                0x000022ee                __fp_splitA
 .text.avr-libc.fplib
                0x00002322        0xe c:/program files (x86)/atmel/avr studio 5.0/avr toolchain/bin/../lib/gcc/avr/4.5.1/../../../../avr/lib/avr35\libm.a(fp_zero.o)
                0x00002322                __fp_zero
                0x00002324                __fp_szero
 .text.avr-libc.fplib
                0x00002330        0x4 c:/program files (x86)/atmel/avr studio 5.0/avr toolchain/bin/../lib/gcc/avr/4.5.1/../../../../avr/lib/avr35\libm.a(mulsf3.o)
                0x00002330                __mulsf3
 .text.avr-libc.fplib
                0x00002334       0xd2 c:/program files (x86)/atmel/avr studio 5.0/avr toolchain/bin/../lib/gcc/avr/4.5.1/../../../../avr/lib/avr35\libm.a(mulsf3x.o)
                0x00002346                __mulsf3x
                0x0000234a                __mulsf3_pse
 .text.avr-libc.fplib
                0x00002406        0xc c:/program files (x86)/atmel/avr studio 5.0/avr toolchain/bin/../lib/gcc/avr/4.5.1/../../../../avr/lib/avr35\libm.a(fp_inf.o)
                0x00002406                __fp_inf
 .text.avr-libc.fplib
                0x00002412        0x6 c:/program files (x86)/atmel/avr studio 5.0/avr toolchain/bin/../lib/gcc/avr/4.5.1/../../../../avr/lib/avr35\libm.a(fp_nan.o)
                0x00002412                __fp_nan
 .text.avr-libc.fplib
                0x00002418        0xe c:/program files (x86)/atmel/avr studio 5.0/avr toolchain/bin/../lib/gcc/avr/4.5.1/../../../../avr/lib/avr35\libm.a(fp_pscA.o)
                0x00002418                __fp_pscA
 .text.avr-libc.fplib
                0x00002426        0xe c:/program files (x86)/atmel/avr studio 5.0/avr toolchain/bin/../lib/gcc/avr/4.5.1/../../../../avr/lib/avr35\libm.a(fp_pscB.o)
                0x00002426                __fp_pscB
 .text.avr-libc.fplib
                0x00002434       0x22 c:/program files (x86)/atmel/avr studio 5.0/avr toolchain/bin/../lib/gcc/avr/4.5.1/../../../../avr/lib/avr35\libm.a(fp_round.o)
                0x00002434                __fp_round
 .text.libgcc   0x00002456       0x12 c:/program files (x86)/atmel/avr studio 5.0/avr toolchain/bin/../lib/gcc/avr/4.5.1/avr35\libgcc.a(_mulqi3.o)
                0x00002456                __mulqi3
 .text.libgcc   0x00002468       0x24 c:/program files (x86)/atmel/avr studio 5.0/avr toolchain/bin/../lib/gcc/avr/4.5.1/avr35\libgcc.a(_mulhi3.o)
                0x00002468                __mulhi3
 .text.libgcc   0x0000248c       0x32 c:/program files (x86)/atmel/avr studio 5.0/avr toolchain/bin/../lib/gcc/avr/4.5.1/avr35\libgcc.a(_mulsi3.o)
                0x0000248c                __mulsi3
 .text.libgcc   0x000024be       0x28 c:/program files (x86)/atmel/avr studio 5.0/avr toolchain/bin/../lib/gcc/avr/4.5.1/avr35\libgcc.a(_udivmodhi4.o)
                0x000024be                __udivmodhi4
 .text.libgcc   0x000024e6       0x44 c:/program files (x86)/atmel/avr studio 5.0/avr toolchain/bin/../lib/gcc/avr/4.5.1/avr35\libgcc.a(_udivmodsi4.o)
                0x000024e6                __udivmodsi4
 .text.libgcc   0x0000252a       0x36 c:/program files (x86)/atmel/avr studio 5.0/avr toolchain/bin/../lib/gcc/avr/4.5.1/avr35\libgcc.a(_divmodsi4.o)
                0x0000252a                __divmodsi4
 .text.avr-libc
                0x00002560       0x20 c:/program files (x86)/atmel/avr studio 5.0/avr toolchain/bin/../lib/gcc/avr/4.5.1/../../../../avr/lib/avr35\libc.a(eerd_block_at90usb162.o)
                0x00002560                __eerd_block_usb162
                0x00002564                __eerd_blraw_usb162
 .text.avr-libc
                0x00002580       0x10 c:/program files (x86)/atmel/avr studio 5.0/avr toolchain/bin/../lib/gcc/avr/4.5.1/../../../../avr/lib/avr35\libc.a(eerd_byte_at90usb162.o)
                0x00002580                __eerd_byte_usb162
 .text.avr-libc
                0x00002590       0x12 c:/program files (x86)/atmel/avr studio 5.0/avr toolchain/bin/../lib/gcc/avr/4.5.1/../../../../avr/lib/avr35\libc.a(eewr_block_at90usb162.o)
                0x00002590                __eewr_block_usb162
 .text.avr-libc
                0x000025a2       0x1c c:/program files (x86)/atmel/avr studio 5.0/avr toolchain/bin/../lib/gcc/avr/4.5.1/../../../../avr/lib/avr35\libc.a(eewr_byte_at90usb162.o)
                0x000025a2                __eewr_byte_usb162
                0x000025a4                __eewr_r18_usb162
                0x000025be                . = ALIGN (0x2)
 *(.fini9)
 .fini9         0x000025be        0x0 c:/program files (x86)/atmel/avr studio 5.0/avr toolchain/bin/../lib/gcc/avr/4.5.1/avr35\libgcc.a(_exit.o)
                0x000025be                _exit
                0x000025be                exit
 *(.fini9)
 *(.fini8)
 *(.fini8)
 *(.fini7)
 *(.fini7)
 *(.fini6)
 *(.fini6)
 *(.fini5)
 *(.fini5)
 *(.fini4)
 *(.fini4)
 *(.fini3)
 *(.fini3)
 *(.fini2)
 *(.fini2)
 *(.fini1)
 *(.fini1)
 *(.fini0)
 .fini0         0x000025be        0x4 c:/program files (x86)/atmel/avr studio 5.0/avr toolchain/bin/../lib/gcc/avr/4.5.1/avr35\libgcc.a(_exit.o)
 *(.fini0)
                0x000025c2                _etext = .

.data           0x00800100       0x7a load address 0x000025c2
                0x00800100                PROVIDE (__data_start, .)
 *(.data)
 .data          0x00800100       0x70 Mobo.o
                0x00800100                R
                0x0080016f                pcf_data_out
 .data          0x00800170        0x6 avrlib/rprintf.o
 .data          0x00800176        0x4 Mobo_LCD_Display.o
 *(.data*)
 *(.rodata)
 *(.rodata*)
 *(.gnu.linkonce.d*)
                0x0080017a                . = ALIGN (0x2)
                0x0080017a                _edata = .
                0x0080017a                PROVIDE (__data_end, .)

.bss            0x0080017a      0x10b
                0x0080017a                PROVIDE (__bss_start, .)
 *(.bss)
 .bss           0x0080017a        0xc Mobo.o
                0x0080017a                Status1
                0x0080017b                Status2
                0x0080017c                biasInit
 .bss           0x00800186       0x82 avrlib/rprintf.o
 .bss           0x00800208        0x4 pe0fko_DeviceSi570.o
 .bss           0x0080020c        0x6 Mobo_ShaftEncoder.o
 .bss           0x00800212       0x2b Mobo_LCD_Display.o
 .bss           0x0080023d        0x3 Mobo_Pwr_SWR_and_Bias_cal.o
 *(.bss*)
 *(COMMON)
 COMMON         0x00800240       0x31 Mobo.o
                0x00800240                I2CErrors
                0x00800241                selectedFilters
                0x00800243                replyBuf
                0x00800263                measured_SWR
                0x00800265                ad7991_adc
                0x0080026d                usbMsgPtr
                0x0080026f                tmp100_data
 COMMON         0x00800271        0x3 ../LUFA090605/LUFA/Drivers/USB/LowLevel/DevChapter9.o
                0x00800271                USB_CurrentlySelfPowered
                0x00800272                USB_RemoteWakeupEnabled
                0x00800273                USB_ConfigurationNumber
 COMMON         0x00800274        0xb ../LUFA090605/LUFA/Drivers/USB/HighLevel/USBTask.o
                0x00800274                USB_IsInitialized
                0x00800275                USB_IsConnected
                0x00800276                USB_ControlRequest
                0x0080027e                USB_IsSuspended
 COMMON         0x0080027f        0x6 pe0fko_DeviceSi570.o
                0x0080027f                Si570_Data
                0x00800285                PROVIDE (__bss_end, .)
                0x000025c2                __data_load_start = LOADADDR (.data)
                0x0000263c                __data_load_end = (__data_load_start + SIZEOF (.data))

.noinit         0x00800285        0x0
                0x00800285                PROVIDE (__noinit_start, .)
 *(.noinit*)
                0x00800285                PROVIDE (__noinit_end, .)
                0x00800285                _end = .
                0x00800285                PROVIDE (__heap_start, .)

.eeprom         0x00810000       0x6f
 *(.eeprom*)
 .eeprom        0x00810000       0x6f Mobo.o
                0x00810000                E
                0x0081006f                __eeprom_end = .

.fuse
 *(.fuse)
 *(.lfuse)
 *(.hfuse)
 *(.efuse)

.lock
 *(.lock*)

.signature
 *(.signature*)

.stab           0x00000000     0x19ec
 *(.stab)
 .stab          0x00000000      0x6cc c:/program files (x86)/atmel/avr studio 5.0/avr toolchain/bin/../lib/gcc/avr/4.5.1/../../../../avr/lib/avr35/crtusb162.o
 .stab          0x000006cc      0x240 c:/program files (x86)/atmel/avr studio 5.0/avr toolchain/bin/../lib/gcc/avr/4.5.1/../../../../avr/lib/avr35\libm.a(fixunssfsi.o)
                                0x24c (size before relaxing)
 .stab          0x0000090c      0x318 c:/program files (x86)/atmel/avr studio 5.0/avr toolchain/bin/../lib/gcc/avr/4.5.1/../../../../avr/lib/avr35\libm.a(floatsisf.o)
                                0x324 (size before relaxing)
 .stab          0x00000c24      0x1d4 c:/program files (x86)/atmel/avr studio 5.0/avr toolchain/bin/../lib/gcc/avr/4.5.1/../../../../avr/lib/avr35\libm.a(fp_split3.o)
                                0x1e0 (size before relaxing)
 .stab          0x00000df8       0x90 c:/program files (x86)/atmel/avr studio 5.0/avr toolchain/bin/../lib/gcc/avr/4.5.1/../../../../avr/lib/avr35\libm.a(fp_zero.o)
                                 0x9c (size before relaxing)
 .stab          0x00000e88       0x48 c:/program files (x86)/atmel/avr studio 5.0/avr toolchain/bin/../lib/gcc/avr/4.5.1/../../../../avr/lib/avr35\libm.a(mulsf3.o)
                                 0x54 (size before relaxing)
 .stab          0x00000ed0      0x534 c:/program files (x86)/atmel/avr studio 5.0/avr toolchain/bin/../lib/gcc/avr/4.5.1/../../../../avr/lib/avr35\libm.a(mulsf3x.o)
                                0x540 (size before relaxing)
 .stab          0x00001404       0x78 c:/program files (x86)/atmel/avr studio 5.0/avr toolchain/bin/../lib/gcc/avr/4.5.1/../../../../avr/lib/avr35\libm.a(fp_inf.o)
                                 0x84 (size before relaxing)
 .stab          0x0000147c       0x54 c:/program files (x86)/atmel/avr studio 5.0/avr toolchain/bin/../lib/gcc/avr/4.5.1/../../../../avr/lib/avr35\libm.a(fp_nan.o)
                                 0x60 (size before relaxing)
 .stab          0x000014d0       0x84 c:/program files (x86)/atmel/avr studio 5.0/avr toolchain/bin/../lib/gcc/avr/4.5.1/../../../../avr/lib/avr35\libm.a(fp_pscA.o)
                                 0x90 (size before relaxing)
 .stab          0x00001554       0x84 c:/program files (x86)/atmel/avr studio 5.0/avr toolchain/bin/../lib/gcc/avr/4.5.1/../../../../avr/lib/avr35\libm.a(fp_pscB.o)
                                 0x90 (size before relaxing)
 .stab          0x000015d8       0xfc c:/program files (x86)/atmel/avr studio 5.0/avr toolchain/bin/../lib/gcc/avr/4.5.1/../../../../avr/lib/avr35\libm.a(fp_round.o)
                                0x108 (size before relaxing)
 .stab          0x000016d4      0x108 c:/program files (x86)/atmel/avr studio 5.0/avr toolchain/bin/../lib/gcc/avr/4.5.1/../../../../avr/lib/avr35\libc.a(eerd_block_at90usb162.o)
                                0x114 (size before relaxing)
 .stab          0x000017dc       0x90 c:/program files (x86)/atmel/avr studio 5.0/avr toolchain/bin/../lib/gcc/avr/4.5.1/../../../../avr/lib/avr35\libc.a(eerd_byte_at90usb162.o)
                                 0x9c (size before relaxing)
 .stab          0x0000186c       0x9c c:/program files (x86)/atmel/avr studio 5.0/avr toolchain/bin/../lib/gcc/avr/4.5.1/../../../../avr/lib/avr35\libc.a(eewr_block_at90usb162.o)
                                 0xa8 (size before relaxing)
 .stab          0x00001908       0xe4 c:/program files (x86)/atmel/avr studio 5.0/avr toolchain/bin/../lib/gcc/avr/4.5.1/../../../../avr/lib/avr35\libc.a(eewr_byte_at90usb162.o)
                                 0xf0 (size before relaxing)

.stabstr        0x00000000      0x64e
 *(.stabstr)
 .stabstr       0x00000000      0x64e c:/program files (x86)/atmel/avr studio 5.0/avr toolchain/bin/../lib/gcc/avr/4.5.1/../../../../avr/lib/avr35/crtusb162.o

.stab.excl
 *(.stab.excl)

.stab.exclstr
 *(.stab.exclstr)

.stab.index
 *(.stab.index)

.stab.indexstr
 *(.stab.indexstr)

.comment
 *(.comment)

.debug
 *(.debug)

.line
 *(.line)

.debug_srcinfo
 *(.debug_srcinfo)

.debug_sfnames
 *(.debug_sfnames)

.debug_aranges  0x00000000      0x538
 *(.debug_aranges)
 .debug_aranges
                0x00000000       0x28 USB-EP0.o
 .debug_aranges
                0x00000028       0x20 USB-Descriptors.o
 .debug_aranges
                0x00000048       0x38 Mobo.o
 .debug_aranges
                0x00000080       0x30 ../LUFA090605/LUFA/Scheduler/Scheduler.o
 .debug_aranges
                0x000000b0       0x20 ../LUFA090605/LUFA/Drivers/USB/LowLevel/DevChapter9.o
 .debug_aranges
                0x000000d0       0x80 ../LUFA090605/LUFA/Drivers/USB/LowLevel/Endpoint.o
 .debug_aranges
                0x00000150       0x30 ../LUFA090605/LUFA/Drivers/USB/LowLevel/LowLevel.o
 .debug_aranges
                0x00000180       0x20 ../LUFA090605/LUFA/Drivers/USB/HighLevel/Events.o
 .debug_aranges
                0x000001a0       0x30 ../LUFA090605/LUFA/Drivers/USB/HighLevel/USBInterrupt.o
 .debug_aranges
                0x000001d0       0x20 ../LUFA090605/LUFA/Drivers/USB/HighLevel/USBTask.o
 .debug_aranges
                0x000001f0       0x38 ../LUFA090605/LUFA/Drivers/USB/HighLevel/ConfigDescriptor.o
 .debug_aranges
                0x00000228       0x98 lcd.o
 .debug_aranges
                0x000002c0       0x88 avrlib/rprintf.o
 .debug_aranges
                0x00000348       0x50 pe0fko_DeviceSi570.o
 .debug_aranges
                0x00000398       0x60 pe0fko_I2Copencollector.o
 .debug_aranges
                0x000003f8       0x28 Mobo_ShaftEncoder.o
 .debug_aranges
                0x00000420       0x50 Mobo_I2C_Peripherals.o
 .debug_aranges
                0x00000470       0x48 Mobo_LCD_Display.o
 .debug_aranges
                0x000004b8       0x20 Mobo_ABPF.o
 .debug_aranges
                0x000004d8       0x30 Mobo_Pwr_SWR_and_Bias_cal.o
 .debug_aranges
                0x00000508       0x30 Mobo_LCD_bargraph_lowlevel.o

.debug_pubnames
                0x00000000      0xbae
 *(.debug_pubnames)
 .debug_pubnames
                0x00000000       0x63 USB-EP0.o
 .debug_pubnames
                0x00000063       0xb5 USB-Descriptors.o
 .debug_pubnames
                0x00000118      0x101 Mobo.o
 .debug_pubnames
                0x00000219       0x9c ../LUFA090605/LUFA/Scheduler/Scheduler.o
 .debug_pubnames
                0x000002b5       0x8b ../LUFA090605/LUFA/Drivers/USB/LowLevel/DevChapter9.o
 .debug_pubnames
                0x00000340      0x1b3 ../LUFA090605/LUFA/Drivers/USB/LowLevel/Endpoint.o
 .debug_pubnames
                0x000004f3       0x47 ../LUFA090605/LUFA/Drivers/USB/LowLevel/LowLevel.o
 .debug_pubnames
                0x0000053a       0x25 ../LUFA090605/LUFA/Drivers/USB/HighLevel/Events.o
 .debug_pubnames
                0x0000055f       0x62 ../LUFA090605/LUFA/Drivers/USB/HighLevel/USBInterrupt.o
 .debug_pubnames
                0x000005c1       0x77 ../LUFA090605/LUFA/Drivers/USB/HighLevel/USBTask.o
 .debug_pubnames
                0x00000638       0x9b ../LUFA090605/LUFA/Drivers/USB/HighLevel/ConfigDescriptor.o
 .debug_pubnames
                0x000006d3       0xb0 lcd.o
 .debug_pubnames
                0x00000783       0xef avrlib/rprintf.o
 .debug_pubnames
                0x00000872       0x8a pe0fko_DeviceSi570.o
 .debug_pubnames
                0x000008fc       0x7f pe0fko_I2Copencollector.o
 .debug_pubnames
                0x0000097b       0x38 Mobo_ShaftEncoder.o
 .debug_pubnames
                0x000009b3       0x7c Mobo_I2C_Peripherals.o
 .debug_pubnames
                0x00000a2f       0xbe Mobo_LCD_Display.o
 .debug_pubnames
                0x00000aed       0x20 Mobo_ABPF.o
 .debug_pubnames
                0x00000b0d       0x3e Mobo_Pwr_SWR_and_Bias_cal.o
 .debug_pubnames
                0x00000b4b       0x63 Mobo_LCD_bargraph_lowlevel.o

.debug_info     0x00000000     0x667c
 *(.debug_info)
 .debug_info    0x00000000      0x335 USB-EP0.o
 .debug_info    0x00000335      0x61e USB-Descriptors.o
 .debug_info    0x00000953      0x8c5 Mobo.o
 .debug_info    0x00001218      0x2ce ../LUFA090605/LUFA/Scheduler/Scheduler.o
 .debug_info    0x000014e6      0x81a ../LUFA090605/LUFA/Drivers/USB/LowLevel/DevChapter9.o
 .debug_info    0x00001d00      0x8f8 ../LUFA090605/LUFA/Drivers/USB/LowLevel/Endpoint.o
 .debug_info    0x000025f8        0x0 ../LUFA090605/LUFA/Drivers/USB/LowLevel/Host.o
 .debug_info    0x000025f8        0x0 ../LUFA090605/LUFA/Drivers/USB/LowLevel/HostChapter9.o
 .debug_info    0x000025f8      0x251 ../LUFA090605/LUFA/Drivers/USB/LowLevel/LowLevel.o
 .debug_info    0x00002849        0x0 ../LUFA090605/LUFA/Drivers/USB/LowLevel/Pipe.o
 .debug_info    0x00002849       0x7e ../LUFA090605/LUFA/Drivers/USB/HighLevel/Events.o
 .debug_info    0x000028c7      0x221 ../LUFA090605/LUFA/Drivers/USB/HighLevel/USBInterrupt.o
 .debug_info    0x00002ae8      0x2e2 ../LUFA090605/LUFA/Drivers/USB/HighLevel/USBTask.o
 .debug_info    0x00002dca      0x444 ../LUFA090605/LUFA/Drivers/USB/HighLevel/ConfigDescriptor.o
 .debug_info    0x0000320e      0x3e5 lcd.o
 .debug_info    0x000035f3       0x73 lcd_i2c.o
 .debug_info    0x00003666      0x8df avrlib/rprintf.o
 .debug_info    0x00003f45      0x8ab pe0fko_DeviceSi570.o
 .debug_info    0x000047f0       0x73 pe0fko_CalcVFO.o
 .debug_info    0x00004863      0x2a5 pe0fko_I2Copencollector.o
 .debug_info    0x00004b08      0x47b Mobo_ShaftEncoder.o
 .debug_info    0x00004f83      0x557 Mobo_I2C_Peripherals.o
 .debug_info    0x000054da      0x6bc Mobo_LCD_Display.o
 .debug_info    0x00005b96      0x446 Mobo_ABPF.o
 .debug_info    0x00005fdc      0x4ac Mobo_Pwr_SWR_and_Bias_cal.o
 .debug_info    0x00006488      0x1f4 Mobo_LCD_bargraph_lowlevel.o
 *(.gnu.linkonce.wi.*)

.debug_abbrev   0x00000000     0x1e41
 *(.debug_abbrev)
 .debug_abbrev  0x00000000      0x121 USB-EP0.o
 .debug_abbrev  0x00000121      0x168 USB-Descriptors.o
 .debug_abbrev  0x00000289      0x23b Mobo.o
 .debug_abbrev  0x000004c4      0x156 ../LUFA090605/LUFA/Scheduler/Scheduler.o
 .debug_abbrev  0x0000061a      0x1d9 ../LUFA090605/LUFA/Drivers/USB/LowLevel/DevChapter9.o
 .debug_abbrev  0x000007f3      0x206 ../LUFA090605/LUFA/Drivers/USB/LowLevel/Endpoint.o
 .debug_abbrev  0x000009f9        0x1 ../LUFA090605/LUFA/Drivers/USB/LowLevel/Host.o
 .debug_abbrev  0x000009fa        0x1 ../LUFA090605/LUFA/Drivers/USB/LowLevel/HostChapter9.o
 .debug_abbrev  0x000009fb       0xcf ../LUFA090605/LUFA/Drivers/USB/LowLevel/LowLevel.o
 .debug_abbrev  0x00000aca        0x1 ../LUFA090605/LUFA/Drivers/USB/LowLevel/Pipe.o
 .debug_abbrev  0x00000acb       0x41 ../LUFA090605/LUFA/Drivers/USB/HighLevel/Events.o
 .debug_abbrev  0x00000b0c       0xd4 ../LUFA090605/LUFA/Drivers/USB/HighLevel/USBInterrupt.o
 .debug_abbrev  0x00000be0      0x12b ../LUFA090605/LUFA/Drivers/USB/HighLevel/USBTask.o
 .debug_abbrev  0x00000d0b      0x175 ../LUFA090605/LUFA/Drivers/USB/HighLevel/ConfigDescriptor.o
 .debug_abbrev  0x00000e80      0x1d4 lcd.o
 .debug_abbrev  0x00001054       0x2a lcd_i2c.o
 .debug_abbrev  0x0000107e      0x1f1 avrlib/rprintf.o
 .debug_abbrev  0x0000126f      0x2e9 pe0fko_DeviceSi570.o
 .debug_abbrev  0x00001558       0x2a pe0fko_CalcVFO.o
 .debug_abbrev  0x00001582      0x180 pe0fko_I2Copencollector.o
 .debug_abbrev  0x00001702      0x12c Mobo_ShaftEncoder.o
 .debug_abbrev  0x0000182e      0x13e Mobo_I2C_Peripherals.o
 .debug_abbrev  0x0000196c      0x1c9 Mobo_LCD_Display.o
 .debug_abbrev  0x00001b35      0x10d Mobo_ABPF.o
 .debug_abbrev  0x00001c42      0x135 Mobo_Pwr_SWR_and_Bias_cal.o
 .debug_abbrev  0x00001d77       0xca Mobo_LCD_bargraph_lowlevel.o

.debug_line     0x00000000     0x562e
 *(.debug_line)
 .debug_line    0x00000000      0x2f9 USB-EP0.o
 .debug_line    0x000002f9      0x214 USB-Descriptors.o
 .debug_line    0x0000050d      0x9f6 Mobo.o
 .debug_line    0x00000f03      0x289 ../LUFA090605/LUFA/Scheduler/Scheduler.o
 .debug_line    0x0000118c      0x5d2 ../LUFA090605/LUFA/Drivers/USB/LowLevel/DevChapter9.o
 .debug_line    0x0000175e      0x869 ../LUFA090605/LUFA/Drivers/USB/LowLevel/Endpoint.o
 .debug_line    0x00001fc7       0x24 ../LUFA090605/LUFA/Drivers/USB/LowLevel/Host.o
 .debug_line    0x00001feb       0x24 ../LUFA090605/LUFA/Drivers/USB/LowLevel/HostChapter9.o
 .debug_line    0x0000200f      0x2f8 ../LUFA090605/LUFA/Drivers/USB/LowLevel/LowLevel.o
 .debug_line    0x00002307       0x24 ../LUFA090605/LUFA/Drivers/USB/LowLevel/Pipe.o
 .debug_line    0x0000232b       0x8d ../LUFA090605/LUFA/Drivers/USB/HighLevel/Events.o
 .debug_line    0x000023b8      0x3e6 ../LUFA090605/LUFA/Drivers/USB/HighLevel/USBInterrupt.o
 .debug_line    0x0000279e      0x2bc ../LUFA090605/LUFA/Drivers/USB/HighLevel/USBTask.o
 .debug_line    0x00002a5a      0x372 ../LUFA090605/LUFA/Drivers/USB/HighLevel/ConfigDescriptor.o
 .debug_line    0x00002dcc      0x655 lcd.o
 .debug_line    0x00003421       0x3e lcd_i2c.o
 .debug_line    0x0000345f      0xa0d avrlib/rprintf.o
 .debug_line    0x00003e6c      0x415 pe0fko_DeviceSi570.o
 .debug_line    0x00004281       0x3e pe0fko_CalcVFO.o
 .debug_line    0x000042bf      0x39b pe0fko_I2Copencollector.o
 .debug_line    0x0000465a      0x265 Mobo_ShaftEncoder.o
 .debug_line    0x000048bf      0x2d9 Mobo_I2C_Peripherals.o
 .debug_line    0x00004b98      0x429 Mobo_LCD_Display.o
 .debug_line    0x00004fc1      0x150 Mobo_ABPF.o
 .debug_line    0x00005111      0x346 Mobo_Pwr_SWR_and_Bias_cal.o
 .debug_line    0x00005457      0x1d7 Mobo_LCD_bargraph_lowlevel.o

.debug_frame    0x00000000      0x7d0
 *(.debug_frame)
 .debug_frame   0x00000000       0x30 USB-EP0.o
 .debug_frame   0x00000030       0x20 USB-Descriptors.o
 .debug_frame   0x00000050       0x50 Mobo.o
 .debug_frame   0x000000a0       0x40 ../LUFA090605/LUFA/Scheduler/Scheduler.o
 .debug_frame   0x000000e0       0x20 ../LUFA090605/LUFA/Drivers/USB/LowLevel/DevChapter9.o
 .debug_frame   0x00000100       0xe0 ../LUFA090605/LUFA/Drivers/USB/LowLevel/Endpoint.o
 .debug_frame   0x000001e0       0x40 ../LUFA090605/LUFA/Drivers/USB/LowLevel/LowLevel.o
 .debug_frame   0x00000220       0x20 ../LUFA090605/LUFA/Drivers/USB/HighLevel/Events.o
 .debug_frame   0x00000240       0x40 ../LUFA090605/LUFA/Drivers/USB/HighLevel/USBInterrupt.o
 .debug_frame   0x00000280       0x20 ../LUFA090605/LUFA/Drivers/USB/HighLevel/USBTask.o
 .debug_frame   0x000002a0       0x50 ../LUFA090605/LUFA/Drivers/USB/HighLevel/ConfigDescriptor.o
 .debug_frame   0x000002f0      0x110 lcd.o
 .debug_frame   0x00000400       0xf0 avrlib/rprintf.o
 .debug_frame   0x000004f0       0x80 pe0fko_DeviceSi570.o
 .debug_frame   0x00000570       0xa0 pe0fko_I2Copencollector.o
 .debug_frame   0x00000610       0x30 Mobo_ShaftEncoder.o
 .debug_frame   0x00000640       0x80 Mobo_I2C_Peripherals.o
 .debug_frame   0x000006c0       0x70 Mobo_LCD_Display.o
 .debug_frame   0x00000730       0x20 Mobo_ABPF.o
 .debug_frame   0x00000750       0x40 Mobo_Pwr_SWR_and_Bias_cal.o
 .debug_frame   0x00000790       0x40 Mobo_LCD_bargraph_lowlevel.o

.debug_str      0x00000000     0x1cb2
 *(.debug_str)
 .debug_str     0x00000000      0x213 USB-EP0.o
                                0x251 (size before relaxing)
 .debug_str     0x00000213      0x393 USB-Descriptors.o
                                0x530 (size before relaxing)
 .debug_str     0x000005a6      0x365 Mobo.o
                                0x4a9 (size before relaxing)
 .debug_str     0x0000090b       0xd9 ../LUFA090605/LUFA/Scheduler/Scheduler.o
                                0x21d (size before relaxing)
 .debug_str     0x000009e4      0x2c0 ../LUFA090605/LUFA/Drivers/USB/LowLevel/DevChapter9.o
                                0x639 (size before relaxing)
 .debug_str     0x00000ca4      0x412 ../LUFA090605/LUFA/Drivers/USB/LowLevel/Endpoint.o
                                0x5fb (size before relaxing)
 .debug_str     0x000010b6       0x7e ../LUFA090605/LUFA/Drivers/USB/LowLevel/LowLevel.o
                                0x226 (size before relaxing)
 .debug_str     0x00001134       0x41 ../LUFA090605/LUFA/Drivers/USB/HighLevel/Events.o
                                 0xe4 (size before relaxing)
 .debug_str     0x00001175       0x7c ../LUFA090605/LUFA/Drivers/USB/HighLevel/USBInterrupt.o
                                0x232 (size before relaxing)
 .debug_str     0x000011f1       0x5b ../LUFA090605/LUFA/Drivers/USB/HighLevel/USBTask.o
                                0x255 (size before relaxing)
 .debug_str     0x0000124c      0x213 ../LUFA090605/LUFA/Drivers/USB/HighLevel/ConfigDescriptor.o
                                0x392 (size before relaxing)
 .debug_str     0x0000145f       0xf1 lcd.o
                                0x1c8 (size before relaxing)
 .debug_str     0x00001550        0xa lcd_i2c.o
                                 0xb9 (size before relaxing)
 .debug_str     0x0000155a      0x17e avrlib/rprintf.o
                                0x263 (size before relaxing)
 .debug_str     0x000016d8      0x173 pe0fko_DeviceSi570.o
                                0x446 (size before relaxing)
 .debug_str     0x0000184b       0x11 pe0fko_CalcVFO.o
                                 0xc0 (size before relaxing)
 .debug_str     0x0000185c       0xcc pe0fko_I2Copencollector.o
                                0x1a5 (size before relaxing)
 .debug_str     0x00001928       0xa5 Mobo_ShaftEncoder.o
                                0x353 (size before relaxing)
 .debug_str     0x000019cd       0xa0 Mobo_I2C_Peripherals.o
                                0x36c (size before relaxing)
 .debug_str     0x00001a6d      0x113 Mobo_LCD_Display.o
                                0x420 (size before relaxing)
 .debug_str     0x00001b80       0x1f Mobo_ABPF.o
                                0x2e8 (size before relaxing)
 .debug_str     0x00001b9f       0x6b Mobo_Pwr_SWR_and_Bias_cal.o
                                0x332 (size before relaxing)
 .debug_str     0x00001c0a       0xa8 Mobo_LCD_bargraph_lowlevel.o
                                0x18c (size before relaxing)

.debug_loc      0x00000000     0x3597
 *(.debug_loc)
 .debug_loc     0x00000000       0x62 USB-EP0.o
 .debug_loc     0x00000062      0x10b USB-Descriptors.o
 .debug_loc     0x0000016d      0x384 Mobo.o
 .debug_loc     0x000004f1      0x10f ../LUFA090605/LUFA/Scheduler/Scheduler.o
 .debug_loc     0x00000600      0x358 ../LUFA090605/LUFA/Drivers/USB/LowLevel/DevChapter9.o
 .debug_loc     0x00000958      0x86e ../LUFA090605/LUFA/Drivers/USB/LowLevel/Endpoint.o
 .debug_loc     0x000011c6       0x13 ../LUFA090605/LUFA/Drivers/USB/LowLevel/LowLevel.o
 .debug_loc     0x000011d9       0x46 ../LUFA090605/LUFA/Drivers/USB/HighLevel/USBTask.o
 .debug_loc     0x0000121f      0x298 ../LUFA090605/LUFA/Drivers/USB/HighLevel/ConfigDescriptor.o
 .debug_loc     0x000014b7      0x3d9 lcd.o
 .debug_loc     0x00001890     0x11fa avrlib/rprintf.o
 .debug_loc     0x00002a8a      0x2e5 pe0fko_DeviceSi570.o
 .debug_loc     0x00002d6f      0x111 pe0fko_I2Copencollector.o
 .debug_loc     0x00002e80       0xdb Mobo_ShaftEncoder.o
 .debug_loc     0x00002f5b      0x12f Mobo_I2C_Peripherals.o
 .debug_loc     0x0000308a      0x246 Mobo_LCD_Display.o
 .debug_loc     0x000032d0       0x54 Mobo_ABPF.o
 .debug_loc     0x00003324       0x77 Mobo_Pwr_SWR_and_Bias_cal.o
 .debug_loc     0x0000339b      0x1fc Mobo_LCD_bargraph_lowlevel.o

.debug_macinfo
 *(.debug_macinfo)
OUTPUT(Mobo.elf elf32-avr)
LOAD linker stubs

.debug_pubtypes
                0x00000000      0xa8d
 .debug_pubtypes
                0x00000000       0x9c USB-EP0.o
 .debug_pubtypes
                0x0000009c      0x14b USB-Descriptors.o
 .debug_pubtypes
                0x000001e7       0x94 Mobo.o
 .debug_pubtypes
                0x0000027b       0x65 ../LUFA090605/LUFA/Scheduler/Scheduler.o
 .debug_pubtypes
                0x000002e0       0xea ../LUFA090605/LUFA/Drivers/USB/LowLevel/DevChapter9.o
 .debug_pubtypes
                0x000003ca       0xf6 ../LUFA090605/LUFA/Drivers/USB/LowLevel/Endpoint.o
 .debug_pubtypes
                0x000004c0       0x65 ../LUFA090605/LUFA/Drivers/USB/LowLevel/LowLevel.o
 .debug_pubtypes
                0x00000525       0x12 ../LUFA090605/LUFA/Drivers/USB/HighLevel/Events.o
 .debug_pubtypes
                0x00000537       0x65 ../LUFA090605/LUFA/Drivers/USB/HighLevel/USBInterrupt.o
 .debug_pubtypes
                0x0000059c       0x7e ../LUFA090605/LUFA/Drivers/USB/HighLevel/USBTask.o
 .debug_pubtypes
                0x0000061a       0xc6 ../LUFA090605/LUFA/Drivers/USB/HighLevel/ConfigDescriptor.o
 .debug_pubtypes
                0x000006e0       0x2b lcd.o
 .debug_pubtypes
                0x0000070b       0x12 lcd_i2c.o
 .debug_pubtypes
                0x0000071d       0x58 avrlib/rprintf.o
 .debug_pubtypes
                0x00000775       0x7f pe0fko_DeviceSi570.o
 .debug_pubtypes
                0x000007f4       0x12 pe0fko_CalcVFO.o
 .debug_pubtypes
                0x00000806       0x38 pe0fko_I2Copencollector.o
 .debug_pubtypes
                0x0000083e       0x72 Mobo_ShaftEncoder.o
 .debug_pubtypes
                0x000008b0       0x66 Mobo_I2C_Peripherals.o
 .debug_pubtypes
                0x00000916       0x66 Mobo_LCD_Display.o
 .debug_pubtypes
                0x0000097c       0x73 Mobo_ABPF.o
 .debug_pubtypes
                0x000009ef       0x66 Mobo_Pwr_SWR_and_Bias_cal.o
 .debug_pubtypes
                0x00000a55       0x38 Mobo_LCD_bargraph_lowlevel.o

.debug_ranges   0x00000000      0x458
 .debug_ranges  0x00000000       0x18 USB-EP0.o
 .debug_ranges  0x00000018       0x10 USB-Descriptors.o
 .debug_ranges  0x00000028       0x28 Mobo.o
 .debug_ranges  0x00000050       0x20 ../LUFA090605/LUFA/Scheduler/Scheduler.o
 .debug_ranges  0x00000070       0x50 ../LUFA090605/LUFA/Drivers/USB/LowLevel/DevChapter9.o
 .debug_ranges  0x000000c0       0x70 ../LUFA090605/LUFA/Drivers/USB/LowLevel/Endpoint.o
 .debug_ranges  0x00000130       0x20 ../LUFA090605/LUFA/Drivers/USB/LowLevel/LowLevel.o
 .debug_ranges  0x00000150       0x10 ../LUFA090605/LUFA/Drivers/USB/HighLevel/Events.o
 .debug_ranges  0x00000160       0x20 ../LUFA090605/LUFA/Drivers/USB/HighLevel/USBInterrupt.o
 .debug_ranges  0x00000180       0x10 ../LUFA090605/LUFA/Drivers/USB/HighLevel/USBTask.o
 .debug_ranges  0x00000190       0x28 ../LUFA090605/LUFA/Drivers/USB/HighLevel/ConfigDescriptor.o
 .debug_ranges  0x000001b8       0x88 lcd.o
 .debug_ranges  0x00000240       0xa8 avrlib/rprintf.o
 .debug_ranges  0x000002e8       0x40 pe0fko_DeviceSi570.o
 .debug_ranges  0x00000328       0x50 pe0fko_I2Copencollector.o
 .debug_ranges  0x00000378       0x18 Mobo_ShaftEncoder.o
 .debug_ranges  0x00000390       0x40 Mobo_I2C_Peripherals.o
 .debug_ranges  0x000003d0       0x38 Mobo_LCD_Display.o
 .debug_ranges  0x00000408       0x10 Mobo_ABPF.o
 .debug_ranges  0x00000418       0x20 Mobo_Pwr_SWR_and_Bias_cal.o
 .debug_ranges  0x00000438       0x20 Mobo_LCD_bargraph_lowlevel.o

Cross Reference Table

Symbol                                            File
CALLBACK_USB_GetDescriptor                        USB-Descriptors.o
                                                  ../LUFA090605/LUFA/Drivers/USB/LowLevel/DevChapter9.o
ConfigurationDescriptor                           USB-Descriptors.o
DeviceDescriptor                                  USB-Descriptors.o
DeviceInit                                        pe0fko_DeviceSi570.o
                                                  Mobo.o
E                                                 Mobo.o
                                                  Mobo_Pwr_SWR_and_Bias_cal.o
EVENT_USB_ConfigurationChanged                    ../LUFA090605/LUFA/Drivers/USB/HighLevel/Events.o
                                                  ../LUFA090605/LUFA/Drivers/USB/LowLevel/DevChapter9.o
EVENT_USB_Connect                                 ../LUFA090605/LUFA/Drivers/USB/HighLevel/Events.o
                                                  ../LUFA090605/LUFA/Drivers/USB/HighLevel/USBInterrupt.o
EVENT_USB_DeviceEnumerationComplete               ../LUFA090605/LUFA/Drivers/USB/HighLevel/Events.o
                                                  ../LUFA090605/LUFA/Drivers/USB/LowLevel/DevChapter9.o
EVENT_USB_Device_UnhandledControlRequest          USB-EP0.o
EVENT_USB_Disconnect                              ../LUFA090605/LUFA/Drivers/USB/HighLevel/Events.o
                                                  ../LUFA090605/LUFA/Drivers/USB/HighLevel/USBInterrupt.o
                                                  ../LUFA090605/LUFA/Drivers/USB/LowLevel/LowLevel.o
EVENT_USB_Reset                                   ../LUFA090605/LUFA/Drivers/USB/HighLevel/Events.o
                                                  ../LUFA090605/LUFA/Drivers/USB/HighLevel/USBInterrupt.o
EVENT_USB_Suspend                                 ../LUFA090605/LUFA/Drivers/USB/HighLevel/Events.o
                                                  ../LUFA090605/LUFA/Drivers/USB/HighLevel/USBInterrupt.o
EVENT_USB_UnhandledControlPacket                  ../LUFA090605/LUFA/Drivers/USB/HighLevel/Events.o
                                                  ../LUFA090605/LUFA/Drivers/USB/LowLevel/DevChapter9.o
EVENT_USB_WakeUp                                  ../LUFA090605/LUFA/Drivers/USB/HighLevel/Events.o
                                                  ../LUFA090605/LUFA/Drivers/USB/HighLevel/USBInterrupt.o
Endpoint_BytesToEPSizeMaskDynamic                 ../LUFA090605/LUFA/Drivers/USB/LowLevel/Endpoint.o
Endpoint_ClearEndpoints                           ../LUFA090605/LUFA/Drivers/USB/LowLevel/Endpoint.o
                                                  ../LUFA090605/LUFA/Drivers/USB/HighLevel/USBInterrupt.o
Endpoint_ConfigureEndpoint_Prv                    ../LUFA090605/LUFA/Drivers/USB/LowLevel/Endpoint.o
                                                  ../LUFA090605/LUFA/Drivers/USB/HighLevel/USBInterrupt.o
Endpoint_Discard_Stream                           ../LUFA090605/LUFA/Drivers/USB/LowLevel/Endpoint.o
Endpoint_Read_Control_Stream_BE                   ../LUFA090605/LUFA/Drivers/USB/LowLevel/Endpoint.o
Endpoint_Read_Control_Stream_LE                   ../LUFA090605/LUFA/Drivers/USB/LowLevel/Endpoint.o
Endpoint_Read_Stream_BE                           ../LUFA090605/LUFA/Drivers/USB/LowLevel/Endpoint.o
Endpoint_Read_Stream_LE                           ../LUFA090605/LUFA/Drivers/USB/LowLevel/Endpoint.o
Endpoint_WaitUntilReady                           ../LUFA090605/LUFA/Drivers/USB/LowLevel/Endpoint.o
Endpoint_Write_Control_Stream_BE                  ../LUFA090605/LUFA/Drivers/USB/LowLevel/Endpoint.o
Endpoint_Write_Control_Stream_LE                  ../LUFA090605/LUFA/Drivers/USB/LowLevel/Endpoint.o
                                                  USB-EP0.o
Endpoint_Write_Stream_BE                          ../LUFA090605/LUFA/Drivers/USB/LowLevel/Endpoint.o
Endpoint_Write_Stream_LE                          ../LUFA090605/LUFA/Drivers/USB/LowLevel/Endpoint.o
GetRegFromSi570                                   pe0fko_DeviceSi570.o
                                                  Mobo.o
I2CErrors                                         pe0fko_I2Copencollector.o
                                                  pe0fko_DeviceSi570.o
                                                  Mobo.o
I2CReceiveByte                                    pe0fko_I2Copencollector.o
                                                  Mobo_I2C_Peripherals.o
                                                  pe0fko_DeviceSi570.o
I2CSend0                                          pe0fko_I2Copencollector.o
                                                  Mobo_I2C_Peripherals.o
                                                  pe0fko_DeviceSi570.o
I2CSend1                                          pe0fko_I2Copencollector.o
                                                  Mobo_I2C_Peripherals.o
                                                  pe0fko_DeviceSi570.o
I2CSendByte                                       pe0fko_I2Copencollector.o
                                                  Mobo_I2C_Peripherals.o
                                                  pe0fko_DeviceSi570.o
I2CSendStart                                      pe0fko_I2Copencollector.o
                                                  Mobo_I2C_Peripherals.o
                                                  pe0fko_DeviceSi570.o
I2CSendStop                                       pe0fko_I2Copencollector.o
                                                  Mobo_I2C_Peripherals.o
                                                  pe0fko_DeviceSi570.o
I2CStretch                                        pe0fko_I2Copencollector.o
Initialize_USB                                    USB-EP0.o
                                                  Mobo.o
Isdigit                                           avrlib/rprintf.o
LanguageString                                    USB-Descriptors.o
LcdCustomChar                                     Mobo_LCD_bargraph_lowlevel.o
ManufacturerString                                USB-Descriptors.o
MoboPCF_clear                                     Mobo_I2C_Peripherals.o
                                                  Mobo_Pwr_SWR_and_Bias_cal.o
                                                  Mobo.o
MoboPCF_set                                       Mobo_I2C_Peripherals.o
                                                  Mobo_Pwr_SWR_and_Bias_cal.o
                                                  Mobo_ABPF.o
                                                  Mobo.o
PA_bias                                           Mobo_Pwr_SWR_and_Bias_cal.o
                                                  Mobo.o
ProductString                                     USB-Descriptors.o
R                                                 Mobo.o
                                                  Mobo_Pwr_SWR_and_Bias_cal.o
                                                  Mobo_ABPF.o
                                                  Mobo_LCD_Display.o
                                                  Mobo_I2C_Peripherals.o
                                                  Mobo_ShaftEncoder.o
                                                  pe0fko_DeviceSi570.o
Scheduler_HasDelayElapsed                         ../LUFA090605/LUFA/Scheduler/Scheduler.o
Scheduler_SetGroupTaskMode                        ../LUFA090605/LUFA/Scheduler/Scheduler.o
Scheduler_SetTaskMode                             ../LUFA090605/LUFA/Scheduler/Scheduler.o
Scheduler_TaskList                                ../LUFA090605/LUFA/Scheduler/Scheduler.o
Scheduler_TickCounter                             ../LUFA090605/LUFA/Scheduler/Scheduler.o
Scheduler_TotalTasks                              ../LUFA090605/LUFA/Scheduler/Scheduler.o
SerialNumberString                                USB-Descriptors.o
SetFilter                                         Mobo_ABPF.o
                                                  pe0fko_DeviceSi570.o
SetFreq                                           pe0fko_DeviceSi570.o
                                                  Mobo.o
Si570CmdReg                                       pe0fko_DeviceSi570.o
Si570_Data                                        pe0fko_DeviceSi570.o
Status1                                           Mobo.o
                                                  Mobo_Pwr_SWR_and_Bias_cal.o
                                                  Mobo_LCD_Display.o
                                                  pe0fko_DeviceSi570.o
Status2                                           Mobo.o
                                                  Mobo_LCD_Display.o
                                                  Mobo_ShaftEncoder.o
                                                  pe0fko_DeviceSi570.o
Test_SWR                                          Mobo_Pwr_SWR_and_Bias_cal.o
                                                  Mobo.o
USB_ConfigurationNumber                           ../LUFA090605/LUFA/Drivers/USB/HighLevel/USBInterrupt.o
                                                  ../LUFA090605/LUFA/Drivers/USB/LowLevel/LowLevel.o
                                                  ../LUFA090605/LUFA/Drivers/USB/LowLevel/DevChapter9.o
USB_ControlRequest                                ../LUFA090605/LUFA/Drivers/USB/HighLevel/USBTask.o
                                                  ../LUFA090605/LUFA/Drivers/USB/LowLevel/Endpoint.o
                                                  ../LUFA090605/LUFA/Drivers/USB/LowLevel/DevChapter9.o
                                                  USB-EP0.o
USB_CurrentlySelfPowered                          ../LUFA090605/LUFA/Drivers/USB/LowLevel/LowLevel.o
                                                  ../LUFA090605/LUFA/Drivers/USB/LowLevel/DevChapter9.o
USB_Device_ProcessControlPacket                   ../LUFA090605/LUFA/Drivers/USB/LowLevel/DevChapter9.o
                                                  ../LUFA090605/LUFA/Drivers/USB/HighLevel/USBTask.o
USB_Event_Stub                                    ../LUFA090605/LUFA/Drivers/USB/HighLevel/Events.o
USB_GetNextDescriptorComp                         ../LUFA090605/LUFA/Drivers/USB/HighLevel/ConfigDescriptor.o
USB_GetNextDescriptorOfType                       ../LUFA090605/LUFA/Drivers/USB/HighLevel/ConfigDescriptor.o
USB_GetNextDescriptorOfTypeAfter                  ../LUFA090605/LUFA/Drivers/USB/HighLevel/ConfigDescriptor.o
USB_GetNextDescriptorOfTypeBefore                 ../LUFA090605/LUFA/Drivers/USB/HighLevel/ConfigDescriptor.o
USB_INT_ClearAllInterrupts                        ../LUFA090605/LUFA/Drivers/USB/HighLevel/USBInterrupt.o
                                                  ../LUFA090605/LUFA/Drivers/USB/LowLevel/LowLevel.o
USB_INT_DisableAllInterrupts                      ../LUFA090605/LUFA/Drivers/USB/HighLevel/USBInterrupt.o
                                                  ../LUFA090605/LUFA/Drivers/USB/LowLevel/LowLevel.o
USB_Init                                          ../LUFA090605/LUFA/Drivers/USB/LowLevel/LowLevel.o
                                                  USB-EP0.o
USB_IsConnected                                   ../LUFA090605/LUFA/Drivers/USB/HighLevel/USBTask.o
                                                  ../LUFA090605/LUFA/Drivers/USB/HighLevel/USBInterrupt.o
                                                  ../LUFA090605/LUFA/Drivers/USB/LowLevel/LowLevel.o
                                                  ../LUFA090605/LUFA/Drivers/USB/LowLevel/Endpoint.o
USB_IsInitialized                                 ../LUFA090605/LUFA/Drivers/USB/HighLevel/USBTask.o
                                                  ../LUFA090605/LUFA/Drivers/USB/LowLevel/LowLevel.o
USB_IsSuspended                                   ../LUFA090605/LUFA/Drivers/USB/HighLevel/USBTask.o
                                                  ../LUFA090605/LUFA/Drivers/USB/HighLevel/USBInterrupt.o
                                                  ../LUFA090605/LUFA/Drivers/USB/LowLevel/LowLevel.o
USB_RemoteWakeupEnabled                           ../LUFA090605/LUFA/Drivers/USB/LowLevel/LowLevel.o
                                                  ../LUFA090605/LUFA/Drivers/USB/LowLevel/DevChapter9.o
USB_ResetInterface                                ../LUFA090605/LUFA/Drivers/USB/LowLevel/LowLevel.o
USB_ShutDown                                      ../LUFA090605/LUFA/Drivers/USB/LowLevel/LowLevel.o
USB_USBTask                                       ../LUFA090605/LUFA/Drivers/USB/HighLevel/USBTask.o
                                                  USB-EP0.o
__bad_interrupt                                   c:/program files (x86)/atmel/avr studio 5.0/avr toolchain/bin/../lib/gcc/avr/4.5.1/../../../../avr/lib/avr35/crtusb162.o
__bss_end                                         c:/program files (x86)/atmel/avr studio 5.0/avr toolchain/bin/../lib/gcc/avr/4.5.1/avr35\libgcc.a(_clear_bss.o)
__bss_start                                       c:/program files (x86)/atmel/avr studio 5.0/avr toolchain/bin/../lib/gcc/avr/4.5.1/avr35\libgcc.a(_clear_bss.o)
__data_end                                        c:/program files (x86)/atmel/avr studio 5.0/avr toolchain/bin/../lib/gcc/avr/4.5.1/avr35\libgcc.a(_copy_data.o)
__data_load_start                                 c:/program files (x86)/atmel/avr studio 5.0/avr toolchain/bin/../lib/gcc/avr/4.5.1/avr35\libgcc.a(_copy_data.o)
__data_start                                      c:/program files (x86)/atmel/avr studio 5.0/avr toolchain/bin/../lib/gcc/avr/4.5.1/avr35\libgcc.a(_copy_data.o)
__divmodsi4                                       c:/program files (x86)/atmel/avr studio 5.0/avr toolchain/bin/../lib/gcc/avr/4.5.1/avr35\libgcc.a(_divmodsi4.o)
                                                  Mobo_ShaftEncoder.o
                                                  avrlib/rprintf.o
__do_clear_bss                                    c:/program files (x86)/atmel/avr studio 5.0/avr toolchain/bin/../lib/gcc/avr/4.5.1/avr35\libgcc.a(_clear_bss.o)
                                                  Mobo_Pwr_SWR_and_Bias_cal.o
                                                  Mobo_LCD_Display.o
                                                  Mobo_ShaftEncoder.o
                                                  pe0fko_DeviceSi570.o
                                                  avrlib/rprintf.o
                                                  ../LUFA090605/LUFA/Drivers/USB/HighLevel/USBTask.o
                                                  ../LUFA090605/LUFA/Drivers/USB/LowLevel/DevChapter9.o
                                                  ../LUFA090605/LUFA/Scheduler/Scheduler.o
                                                  Mobo.o
                                                  USB-EP0.o
__do_copy_data                                    c:/program files (x86)/atmel/avr studio 5.0/avr toolchain/bin/../lib/gcc/avr/4.5.1/avr35\libgcc.a(_copy_data.o)
                                                  Mobo_LCD_Display.o
                                                  avrlib/rprintf.o
                                                  Mobo.o
__eerd_block_usb162                               c:/program files (x86)/atmel/avr studio 5.0/avr toolchain/bin/../lib/gcc/avr/4.5.1/../../../../avr/lib/avr35\libc.a(eerd_block_at90usb162.o)
                                                  Mobo.o
__eerd_blraw_usb162                               c:/program files (x86)/atmel/avr studio 5.0/avr toolchain/bin/../lib/gcc/avr/4.5.1/../../../../avr/lib/avr35\libc.a(eerd_block_at90usb162.o)
__eerd_byte_usb162                                c:/program files (x86)/atmel/avr studio 5.0/avr toolchain/bin/../lib/gcc/avr/4.5.1/../../../../avr/lib/avr35\libc.a(eerd_byte_at90usb162.o)
                                                  Mobo.o
__eewr_block_usb162                               c:/program files (x86)/atmel/avr studio 5.0/avr toolchain/bin/../lib/gcc/avr/4.5.1/../../../../avr/lib/avr35\libc.a(eewr_block_at90usb162.o)
                                                  Mobo_Pwr_SWR_and_Bias_cal.o
                                                  Mobo.o
__eewr_byte_usb162                                c:/program files (x86)/atmel/avr studio 5.0/avr toolchain/bin/../lib/gcc/avr/4.5.1/../../../../avr/lib/avr35\libc.a(eewr_byte_at90usb162.o)
__eewr_r18_usb162                                 c:/program files (x86)/atmel/avr studio 5.0/avr toolchain/bin/../lib/gcc/avr/4.5.1/../../../../avr/lib/avr35\libc.a(eewr_byte_at90usb162.o)
                                                  c:/program files (x86)/atmel/avr studio 5.0/avr toolchain/bin/../lib/gcc/avr/4.5.1/../../../../avr/lib/avr35\libc.a(eewr_block_at90usb162.o)
__fixunssfsi                                      c:/program files (x86)/atmel/avr studio 5.0/avr toolchain/bin/../lib/gcc/avr/4.5.1/../../../../avr/lib/avr35\libm.a(fixunssfsi.o)
                                                  Mobo_LCD_Display.o
__floatsisf                                       c:/program files (x86)/atmel/avr studio 5.0/avr toolchain/bin/../lib/gcc/avr/4.5.1/../../../../avr/lib/avr35\libm.a(floatsisf.o)
__floatunsisf                                     c:/program files (x86)/atmel/avr studio 5.0/avr toolchain/bin/../lib/gcc/avr/4.5.1/../../../../avr/lib/avr35\libm.a(floatsisf.o)
                                                  Mobo_LCD_Display.o
__fp_inf                                          c:/program files (x86)/atmel/avr studio 5.0/avr toolchain/bin/../lib/gcc/avr/4.5.1/../../../../avr/lib/avr35\libm.a(fp_inf.o)
                                                  c:/program files (x86)/atmel/avr studio 5.0/avr toolchain/bin/../lib/gcc/avr/4.5.1/../../../../avr/lib/avr35\libm.a(mulsf3x.o)
__fp_nan                                          c:/program files (x86)/atmel/avr studio 5.0/avr toolchain/bin/../lib/gcc/avr/4.5.1/../../../../avr/lib/avr35\libm.a(fp_nan.o)
                                                  c:/program files (x86)/atmel/avr studio 5.0/avr toolchain/bin/../lib/gcc/avr/4.5.1/../../../../avr/lib/avr35\libm.a(mulsf3x.o)
__fp_pscA                                         c:/program files (x86)/atmel/avr studio 5.0/avr toolchain/bin/../lib/gcc/avr/4.5.1/../../../../avr/lib/avr35\libm.a(fp_pscA.o)
                                                  c:/program files (x86)/atmel/avr studio 5.0/avr toolchain/bin/../lib/gcc/avr/4.5.1/../../../../avr/lib/avr35\libm.a(mulsf3x.o)
__fp_pscB                                         c:/program files (x86)/atmel/avr studio 5.0/avr toolchain/bin/../lib/gcc/avr/4.5.1/../../../../avr/lib/avr35\libm.a(fp_pscB.o)
                                                  c:/program files (x86)/atmel/avr studio 5.0/avr toolchain/bin/../lib/gcc/avr/4.5.1/../../../../avr/lib/avr35\libm.a(mulsf3x.o)
__fp_round                                        c:/program files (x86)/atmel/avr studio 5.0/avr toolchain/bin/../lib/gcc/avr/4.5.1/../../../../avr/lib/avr35\libm.a(fp_round.o)
                                                  c:/program files (x86)/atmel/avr studio 5.0/avr toolchain/bin/../lib/gcc/avr/4.5.1/../../../../avr/lib/avr35\libm.a(mulsf3.o)
__fp_split3                                       c:/program files (x86)/atmel/avr studio 5.0/avr toolchain/bin/../lib/gcc/avr/4.5.1/../../../../avr/lib/avr35\libm.a(fp_split3.o)
                                                  c:/program files (x86)/atmel/avr studio 5.0/avr toolchain/bin/../lib/gcc/avr/4.5.1/../../../../avr/lib/avr35\libm.a(mulsf3x.o)
__fp_splitA                                       c:/program files (x86)/atmel/avr studio 5.0/avr toolchain/bin/../lib/gcc/avr/4.5.1/../../../../avr/lib/avr35\libm.a(fp_split3.o)
                                                  c:/program files (x86)/atmel/avr studio 5.0/avr toolchain/bin/../lib/gcc/avr/4.5.1/../../../../avr/lib/avr35\libm.a(fixunssfsi.o)
__fp_szero                                        c:/program files (x86)/atmel/avr studio 5.0/avr toolchain/bin/../lib/gcc/avr/4.5.1/../../../../avr/lib/avr35\libm.a(fp_zero.o)
                                                  c:/program files (x86)/atmel/avr studio 5.0/avr toolchain/bin/../lib/gcc/avr/4.5.1/../../../../avr/lib/avr35\libm.a(mulsf3x.o)
__fp_zero                                         c:/program files (x86)/atmel/avr studio 5.0/avr toolchain/bin/../lib/gcc/avr/4.5.1/../../../../avr/lib/avr35\libm.a(fp_zero.o)
                                                  c:/program files (x86)/atmel/avr studio 5.0/avr toolchain/bin/../lib/gcc/avr/4.5.1/../../../../avr/lib/avr35\libm.a(fixunssfsi.o)
__heap_end                                        c:/program files (x86)/atmel/avr studio 5.0/avr toolchain/bin/../lib/gcc/avr/4.5.1/../../../../avr/lib/avr35/crtusb162.o
__init                                            c:/program files (x86)/atmel/avr studio 5.0/avr toolchain/bin/../lib/gcc/avr/4.5.1/../../../../avr/lib/avr35/crtusb162.o
__mulhi3                                          c:/program files (x86)/atmel/avr studio 5.0/avr toolchain/bin/../lib/gcc/avr/4.5.1/avr35\libgcc.a(_mulhi3.o)
                                                  Mobo_LCD_bargraph_lowlevel.o
                                                  Mobo_Pwr_SWR_and_Bias_cal.o
                                                  Mobo_LCD_Display.o
                                                  pe0fko_DeviceSi570.o
                                                  avrlib/rprintf.o
                                                  Mobo.o
__mulqi3                                          c:/program files (x86)/atmel/avr studio 5.0/avr toolchain/bin/../lib/gcc/avr/4.5.1/avr35\libgcc.a(_mulqi3.o)
                                                  Mobo_ShaftEncoder.o
__mulsf3                                          c:/program files (x86)/atmel/avr studio 5.0/avr toolchain/bin/../lib/gcc/avr/4.5.1/../../../../avr/lib/avr35\libm.a(mulsf3.o)
                                                  Mobo_LCD_Display.o
__mulsf3_pse                                      c:/program files (x86)/atmel/avr studio 5.0/avr toolchain/bin/../lib/gcc/avr/4.5.1/../../../../avr/lib/avr35\libm.a(mulsf3x.o)
__mulsf3x                                         c:/program files (x86)/atmel/avr studio 5.0/avr toolchain/bin/../lib/gcc/avr/4.5.1/../../../../avr/lib/avr35\libm.a(mulsf3x.o)
                                                  c:/program files (x86)/atmel/avr studio 5.0/avr toolchain/bin/../lib/gcc/avr/4.5.1/../../../../avr/lib/avr35\libm.a(mulsf3.o)
__mulsi3                                          c:/program files (x86)/atmel/avr studio 5.0/avr toolchain/bin/../lib/gcc/avr/4.5.1/avr35\libgcc.a(_mulsi3.o)
                                                  Mobo_Pwr_SWR_and_Bias_cal.o
                                                  Mobo_LCD_Display.o
                                                  Mobo_ShaftEncoder.o
                                                  pe0fko_DeviceSi570.o
__stack                                           c:/program files (x86)/atmel/avr studio 5.0/avr toolchain/bin/../lib/gcc/avr/4.5.1/../../../../avr/lib/avr35/crtusb162.o
__udivmodhi4                                      c:/program files (x86)/atmel/avr studio 5.0/avr toolchain/bin/../lib/gcc/avr/4.5.1/avr35\libgcc.a(_udivmodhi4.o)
                                                  Mobo_LCD_bargraph_lowlevel.o
                                                  Mobo_LCD_Display.o
                                                  Mobo_ShaftEncoder.o
                                                  pe0fko_DeviceSi570.o
                                                  Mobo.o
__udivmodsi4                                      c:/program files (x86)/atmel/avr studio 5.0/avr toolchain/bin/../lib/gcc/avr/4.5.1/avr35\libgcc.a(_udivmodsi4.o)
                                                  c:/program files (x86)/atmel/avr studio 5.0/avr toolchain/bin/../lib/gcc/avr/4.5.1/avr35\libgcc.a(_divmodsi4.o)
                                                  Mobo_Pwr_SWR_and_Bias_cal.o
                                                  Mobo_LCD_Display.o
                                                  avrlib/rprintf.o
__vector_1                                        c:/program files (x86)/atmel/avr studio 5.0/avr toolchain/bin/../lib/gcc/avr/4.5.1/../../../../avr/lib/avr35/crtusb162.o
__vector_10                                       c:/program files (x86)/atmel/avr studio 5.0/avr toolchain/bin/../lib/gcc/avr/4.5.1/../../../../avr/lib/avr35/crtusb162.o
__vector_11                                       ../LUFA090605/LUFA/Drivers/USB/HighLevel/USBInterrupt.o
                                                  c:/program files (x86)/atmel/avr studio 5.0/avr toolchain/bin/../lib/gcc/avr/4.5.1/../../../../avr/lib/avr35/crtusb162.o
__vector_12                                       c:/program files (x86)/atmel/avr studio 5.0/avr toolchain/bin/../lib/gcc/avr/4.5.1/../../../../avr/lib/avr35/crtusb162.o
__vector_13                                       c:/program files (x86)/atmel/avr studio 5.0/avr toolchain/bin/../lib/gcc/avr/4.5.1/../../../../avr/lib/avr35/crtusb162.o
__vector_14                                       c:/program files (x86)/atmel/avr studio 5.0/avr toolchain/bin/../lib/gcc/avr/4.5.1/../../../../avr/lib/avr35/crtusb162.o
__vector_15                                       c:/program files (x86)/atmel/avr studio 5.0/avr toolchain/bin/../lib/gcc/avr/4.5.1/../../../../avr/lib/avr35/crtusb162.o
__vector_16                                       c:/program files (x86)/atmel/avr studio 5.0/avr toolchain/bin/../lib/gcc/avr/4.5.1/../../../../avr/lib/avr35/crtusb162.o
__vector_17                                       c:/program files (x86)/atmel/avr studio 5.0/avr toolchain/bin/../lib/gcc/avr/4.5.1/../../../../avr/lib/avr35/crtusb162.o
__vector_18                                       c:/program files (x86)/atmel/avr studio 5.0/avr toolchain/bin/../lib/gcc/avr/4.5.1/../../../../avr/lib/avr35/crtusb162.o
__vector_19                                       c:/program files (x86)/atmel/avr studio 5.0/avr toolchain/bin/../lib/gcc/avr/4.5.1/../../../../avr/lib/avr35/crtusb162.o
__vector_2                                        c:/program files (x86)/atmel/avr studio 5.0/avr toolchain/bin/../lib/gcc/avr/4.5.1/../../../../avr/lib/avr35/crtusb162.o
__vector_20                                       c:/program files (x86)/atmel/avr studio 5.0/avr toolchain/bin/../lib/gcc/avr/4.5.1/../../../../avr/lib/avr35/crtusb162.o
__vector_21                                       c:/program files (x86)/atmel/avr studio 5.0/avr toolchain/bin/../lib/gcc/avr/4.5.1/../../../../avr/lib/avr35/crtusb162.o
__vector_22                                       c:/program files (x86)/atmel/avr studio 5.0/avr toolchain/bin/../lib/gcc/avr/4.5.1/../../../../avr/lib/avr35/crtusb162.o
__vector_23                                       c:/program files (x86)/atmel/avr studio 5.0/avr toolchain/bin/../lib/gcc/avr/4.5.1/../../../../avr/lib/avr35/crtusb162.o
__vector_24                                       c:/program files (x86)/atmel/avr studio 5.0/avr toolchain/bin/../lib/gcc/avr/4.5.1/../../../../avr/lib/avr35/crtusb162.o
__vector_25                                       c:/program files (x86)/atmel/avr studio 5.0/avr toolchain/bin/../lib/gcc/avr/4.5.1/../../../../avr/lib/avr35/crtusb162.o
__vector_26                                       c:/program files (x86)/atmel/avr studio 5.0/avr toolchain/bin/../lib/gcc/avr/4.5.1/../../../../avr/lib/avr35/crtusb162.o
__vector_27                                       c:/program files (x86)/atmel/avr studio 5.0/avr toolchain/bin/../lib/gcc/avr/4.5.1/../../../../avr/lib/avr35/crtusb162.o
__vector_28                                       c:/program files (x86)/atmel/avr studio 5.0/avr toolchain/bin/../lib/gcc/avr/4.5.1/../../../../avr/lib/avr35/crtusb162.o
__vector_3                                        c:/program files (x86)/atmel/avr studio 5.0/avr toolchain/bin/../lib/gcc/avr/4.5.1/../../../../avr/lib/avr35/crtusb162.o
__vector_4                                        c:/program files (x86)/atmel/avr studio 5.0/avr toolchain/bin/../lib/gcc/avr/4.5.1/../../../../avr/lib/avr35/crtusb162.o
__vector_5                                        c:/program files (x86)/atmel/avr studio 5.0/avr toolchain/bin/../lib/gcc/avr/4.5.1/../../../../avr/lib/avr35/crtusb162.o
__vector_6                                        c:/program files (x86)/atmel/avr studio 5.0/avr toolchain/bin/../lib/gcc/avr/4.5.1/../../../../avr/lib/avr35/crtusb162.o
__vector_7                                        c:/program files (x86)/atmel/avr studio 5.0/avr toolchain/bin/../lib/gcc/avr/4.5.1/../../../../avr/lib/avr35/crtusb162.o
__vector_8                                        c:/program files (x86)/atmel/avr studio 5.0/avr toolchain/bin/../lib/gcc/avr/4.5.1/../../../../avr/lib/avr35/crtusb162.o
__vector_9                                        c:/program files (x86)/atmel/avr studio 5.0/avr toolchain/bin/../lib/gcc/avr/4.5.1/../../../../avr/lib/avr35/crtusb162.o
__vector_default                                  c:/program files (x86)/atmel/avr studio 5.0/avr toolchain/bin/../lib/gcc/avr/4.5.1/../../../../avr/lib/avr35/crtusb162.o
__vectors                                         c:/program files (x86)/atmel/avr studio 5.0/avr toolchain/bin/../lib/gcc/avr/4.5.1/../../../../avr/lib/avr35/crtusb162.o
_exit                                             c:/program files (x86)/atmel/avr studio 5.0/avr toolchain/bin/../lib/gcc/avr/4.5.1/avr35\libgcc.a(_exit.o)
ad5301                                            Mobo_I2C_Peripherals.o
                                                  Mobo_Pwr_SWR_and_Bias_cal.o
ad7991_adc                                        Mobo_Pwr_SWR_and_Bias_cal.o
                                                  Mobo_LCD_Display.o
                                                  Mobo_I2C_Peripherals.o
                                                  Mobo.o
ad7991_poll                                       Mobo_I2C_Peripherals.o
                                                  Mobo.o
atoiRamRom                                        avrlib/rprintf.o
biasInit                                          Mobo.o
                                                  Mobo_Pwr_SWR_and_Bias_cal.o
                                                  Mobo_LCD_Display.o
dataReceived                                      USB-EP0.o
encoder_scan                                      Mobo_ShaftEncoder.o
                                                  Mobo.o
exit                                              c:/program files (x86)/atmel/avr studio 5.0/avr toolchain/bin/../lib/gcc/avr/4.5.1/avr35\libgcc.a(_exit.o)
                                                  c:/program files (x86)/atmel/avr studio 5.0/avr toolchain/bin/../lib/gcc/avr/4.5.1/../../../../avr/lib/avr35/crtusb162.o
lcdLoadCustomChar                                 Mobo_LCD_bargraph_lowlevel.o
lcdProgressBar                                    Mobo_LCD_bargraph_lowlevel.o
                                                  Mobo_LCD_Display.o
lcd_bargraph_init                                 Mobo_LCD_bargraph_lowlevel.o
                                                  Mobo.o
lcd_clrscr                                        lcd.o
                                                  Mobo_LCD_Display.o
lcd_command                                       lcd.o
                                                  Mobo_LCD_bargraph_lowlevel.o
                                                  Mobo_LCD_Display.o
lcd_data                                          lcd.o
                                                  Mobo_LCD_bargraph_lowlevel.o
                                                  Mobo_LCD_Display.o
                                                  Mobo.o
lcd_display_Memory_Stored                         Mobo_LCD_Display.o
                                                  Mobo.o
lcd_display_P_SWR_V_C_T                           Mobo_LCD_Display.o
                                                  Mobo.o
lcd_display_TRX_status_on_change                  Mobo_LCD_Display.o
                                                  Mobo.o
lcd_display_TRX_stuff                             Mobo_LCD_Display.o
lcd_display_freq_and_filters                      Mobo_LCD_Display.o
                                                  Mobo.o
lcd_getxy                                         lcd.o
lcd_gotoxy                                        lcd.o
                                                  Mobo_LCD_Display.o
lcd_home                                          lcd.o
lcd_init                                          lcd.o
                                                  Mobo.o
lcd_putc                                          lcd.o
lcd_putchar_P                                     Mobo_LCD_Display.o
lcd_puts                                          lcd.o
lcd_puts_lean                                     lcd.o
lcd_puts_p                                        lcd.o
main                                              Mobo.o
                                                  c:/program files (x86)/atmel/avr studio 5.0/avr toolchain/bin/../lib/gcc/avr/4.5.1/../../../../avr/lib/avr35/crtusb162.o
maintask                                          Mobo.o
                                                  USB-EP0.o
measured_Power                                    Mobo_Pwr_SWR_and_Bias_cal.o
                                                  Mobo_LCD_Display.o
measured_SWR                                      Mobo_Pwr_SWR_and_Bias_cal.o
                                                  Mobo_LCD_Display.o
                                                  Mobo.o
pcf8574_byte                                      Mobo_I2C_Peripherals.o
                                                  Mobo_ABPF.o
                                                  Mobo.o
pcf8574_read                                      Mobo_I2C_Peripherals.o
                                                  Mobo.o
pcf_data_out                                      Mobo.o
                                                  Mobo_ABPF.o
                                                  Mobo_I2C_Peripherals.o
replyBuf                                          pe0fko_DeviceSi570.o
                                                  Mobo.o
rprintf2RamRom                                    avrlib/rprintf.o
                                                  Mobo_LCD_Display.o
rprintfCRLF                                       avrlib/rprintf.o
rprintfChar                                       avrlib/rprintf.o
rprintfInit                                       avrlib/rprintf.o
                                                  Mobo.o
rprintfNum                                        avrlib/rprintf.o
rprintfProgStr                                    avrlib/rprintf.o
rprintfStr                                        avrlib/rprintf.o
rprintfStrLen                                     avrlib/rprintf.o
rprintfu04                                        avrlib/rprintf.o
rprintfu08                                        avrlib/rprintf.o
rprintfu16                                        avrlib/rprintf.o
rprintfu32                                        avrlib/rprintf.o
selectedFilters                                   Mobo_ABPF.o
                                                  Mobo_LCD_Display.o
                                                  Mobo.o
shaftEncoderInit                                  Mobo_ShaftEncoder.o
                                                  Mobo.o
tmp100                                            Mobo_I2C_Peripherals.o
                                                  Mobo.o
tmp100_data                                       Mobo_LCD_Display.o
                                                  Mobo_I2C_Peripherals.o
                                                  Mobo.o
usbFunctionSetup                                  Mobo.o
                                                  USB-EP0.o
usbFunctionWrite                                  Mobo.o
                                                  USB-EP0.o
usbMsgPtr                                         Mobo.o
                                                  USB-EP0.o
