   1               		.file	"pe0fko_I2Copencollector.c"
   2               	__SREG__ = 0x3f
   3               	__SP_H__ = 0x3e
   4               	__SP_L__ = 0x3d
   5               	__CCP__ = 0x34
   6               	__tmp_reg__ = 0
   7               	__zero_reg__ = 1
  15               	.Ltext0:
  16               		.section	.text.I2CDelay,"ax",@progbits
  18               	I2CDelay:
  19               	.LFB6:
  20               	.LSM0:
  21               	/* prologue: function */
  22               	/* frame size = 0 */
  23               	/* stack size = 0 */
  24               	.L__stack_usage = 0
  25               	.LVL0:
  26               	.LBB4:
  27               	.LBB5:
  28               	.LSM1:
  29 0000 86E0      		 ldi r24,lo8(6)
  30 0002 8A95      	    1:dec r24
  31 0004 01F4      	    brne 1b
  32 0006 00C0      		rjmp .
  33               	/* epilogue start */
  34               	.LBE5:
  35               	.LBE4:
  36               	.LSM2:
  37 0008 0895      		ret
  38               	.LFE6:
  40               		.section	.text.I2CStretch,"ax",@progbits
  41               	.global	I2CStretch
  43               	I2CStretch:
  44               	.LFB7:
  45               	.LSM3:
  46 0000 CF93      		push r28
  47 0002 DF93      		push r29
  48               	/* prologue: function */
  49               	/* frame size = 0 */
  50               	/* stack size = 2 */
  51               	.L__stack_usage = 2
  52               	.LVL1:
  53               	.LSM4:
  54 0004 C2E3      		ldi r28,lo8(50)
  55 0006 D0E0      		ldi r29,hi8(50)
  56               	.LVL2:
  57               	.L5:
  58               	.LSM5:
  59 0008 0E94 0000 		call I2CDelay
  60               	.LSM6:
  61 000c 2197      		sbiw r28,1
  62               	.LVL3:
  63 000e 8FEF      		ldi r24,hi8(-1)
  64 0010 CF3F      		cpi r28,lo8(-1)
  65 0012 D807      		cpc r29,r24
  66 0014 01F4      		brne .L3
  67               	.LSM7:
  68 0016 81E0      		ldi r24,lo8(1)
  69 0018 8093 0000 		sts I2CErrors,r24
  70               	.LSM8:
  71 001c 00C0      		rjmp .L2
  72               	.L3:
  73               	.LSM9:
  74 001e 379B      		sbis 38-32,7
  75 0020 00C0      		rjmp .L5
  76               	.L2:
  77               	/* epilogue start */
  78               	.LSM10:
  79 0022 DF91      		pop r29
  80 0024 CF91      		pop r28
  81               	.LVL4:
  82 0026 0895      		ret
  83               	.LFE7:
  85               		.section	.text.I2CGetBit,"ax",@progbits
  87               	I2CGetBit:
  88               	.LFB12:
  89               	.LSM11:
  90               	/* prologue: function */
  91               	/* frame size = 0 */
  92               	/* stack size = 0 */
  93               	.L__stack_usage = 0
  94               	.LSM12:
  95 0000 3E98      		cbi 39-32,6
  96               	.LSM13:
  97 0002 3F98      		cbi 39-32,7
  98 0004 0E94 0000 		call I2CStretch
  99               	.LSM14:
 100 0008 86B1      		in r24,38-32
 101               	.LVL5:
 102               	.LSM15:
 103 000a 3F9A      		sbi 39-32,7
 104               	.LSM16:
 105 000c 8074      		andi r24,lo8(64)
 106               	.LVL6:
 107               	/* epilogue start */
 108 000e 0895      		ret
 109               	.LFE12:
 111               		.section	.text.I2CSendStart,"ax",@progbits
 112               	.global	I2CSendStart
 114               	I2CSendStart:
 115               	.LFB8:
 116               	.LSM17:
 117               	/* prologue: function */
 118               	/* frame size = 0 */
 119               	/* stack size = 0 */
 120               	.L__stack_usage = 0
 121               	.LSM18:
 122 0000 1092 0000 		sts I2CErrors,__zero_reg__
 123               	.LSM19:
 124 0004 3F98      		cbi 39-32,7
 125               	.LSM20:
 126 0006 3E9A      		sbi 39-32,6
 127 0008 0E94 0000 		call I2CDelay
 128               	.LSM21:
 129 000c 3F9A      		sbi 39-32,7
 130 000e 0E94 0000 		call I2CDelay
 131               	/* epilogue start */
 132               	.LSM22:
 133 0012 0895      		ret
 134               	.LFE8:
 136               		.section	.text.I2CSendStop,"ax",@progbits
 137               	.global	I2CSendStop
 139               	I2CSendStop:
 140               	.LFB9:
 141               	.LSM23:
 142               	/* prologue: function */
 143               	/* frame size = 0 */
 144               	/* stack size = 0 */
 145               	.L__stack_usage = 0
 146               	.LSM24:
 147 0000 3E9A      		sbi 39-32,6
 148               	.LSM25:
 149 0002 3F98      		cbi 39-32,7
 150 0004 0E94 0000 		call I2CDelay
 151               	.LSM26:
 152 0008 3E98      		cbi 39-32,6
 153 000a 0E94 0000 		call I2CDelay
 154               	/* epilogue start */
 155               	.LSM27:
 156 000e 0895      		ret
 157               	.LFE9:
 159               		.section	.text.I2CSend0,"ax",@progbits
 160               	.global	I2CSend0
 162               	I2CSend0:
 163               	.LFB10:
 164               	.LSM28:
 165               	/* prologue: function */
 166               	/* frame size = 0 */
 167               	/* stack size = 0 */
 168               	.L__stack_usage = 0
 169               	.LSM29:
 170 0000 3E9A      		sbi 39-32,6
 171               	.LSM30:
 172 0002 3F98      		cbi 39-32,7
 173 0004 0E94 0000 		call I2CStretch
 174               	.LSM31:
 175 0008 3F9A      		sbi 39-32,7
 176 000a 0E94 0000 		call I2CDelay
 177               	/* epilogue start */
 178               	.LSM32:
 179 000e 0895      		ret
 180               	.LFE10:
 182               		.section	.text.I2CSend1,"ax",@progbits
 183               	.global	I2CSend1
 185               	I2CSend1:
 186               	.LFB11:
 187               	.LSM33:
 188               	/* prologue: function */
 189               	/* frame size = 0 */
 190               	/* stack size = 0 */
 191               	.L__stack_usage = 0
 192               	.LSM34:
 193 0000 3E98      		cbi 39-32,6
 194               	.LSM35:
 195 0002 3F98      		cbi 39-32,7
 196 0004 0E94 0000 		call I2CStretch
 197               	.LSM36:
 198 0008 3F9A      		sbi 39-32,7
 199 000a 0E94 0000 		call I2CDelay
 200               	/* epilogue start */
 201               	.LSM37:
 202 000e 0895      		ret
 203               	.LFE11:
 205               		.section	.text.I2CSendByte,"ax",@progbits
 206               	.global	I2CSendByte
 208               	I2CSendByte:
 209               	.LFB13:
 210               	.LSM38:
 211               	.LVL7:
 212 0000 FF92      		push r15
 213 0002 0F93      		push r16
 214 0004 1F93      		push r17
 215               	/* prologue: function */
 216               	/* frame size = 0 */
 217               	/* stack size = 3 */
 218               	.L__stack_usage = 3
 219 0006 F82E      		mov r15,r24
 220               	.LVL8:
 221               	.LSM39:
 222 0008 08E0      		ldi r16,lo8(8)
 223               	.LSM40:
 224 000a 10E8      		ldi r17,lo8(-128)
 225               	.LVL9:
 226               	.L16:
 227               	.LSM41:
 228 000c 812F      		mov r24,r17
 229 000e 8F21      		and r24,r15
 230 0010 01F4      		brne .L13
 231               	.LSM42:
 232 0012 0E94 0000 		call I2CSend0
 233 0016 00C0      		rjmp .L14
 234               	.L13:
 235               	.LSM43:
 236 0018 0E94 0000 		call I2CSend1
 237               	.L14:
 238               	.LVL10:
 239               	.LSM44:
 240 001c 0150      		subi r16,lo8(-(-1))
 241               	.LSM45:
 242 001e 01F0      		breq .L15
 243               	.LSM46:
 244 0020 1695      		lsr r17
 245               	.LVL11:
 246 0022 00C0      		rjmp .L16
 247               	.LVL12:
 248               	.L15:
 249               	.LSM47:
 250 0024 1091 0000 		lds r17,I2CErrors
 251               	.LVL13:
 252 0028 0E94 0000 		call I2CGetBit
 253 002c 812B      		or r24,r17
 254 002e 8093 0000 		sts I2CErrors,r24
 255               	/* epilogue start */
 256               	.LSM48:
 257 0032 1F91      		pop r17
 258 0034 0F91      		pop r16
 259 0036 FF90      		pop r15
 260               	.LVL14:
 261 0038 0895      		ret
 262               	.LFE13:
 264               		.section	.text.I2CReceiveByte,"ax",@progbits
 265               	.global	I2CReceiveByte
 267               	I2CReceiveByte:
 268               	.LFB14:
 269               	.LSM49:
 270 0000 0F93      		push r16
 271 0002 1F93      		push r17
 272               	/* prologue: function */
 273               	/* frame size = 0 */
 274               	/* stack size = 2 */
 275               	.L__stack_usage = 2
 276               	.LVL15:
 277               	.LSM50:
 278 0004 08E0      		ldi r16,lo8(8)
 279               	.LSM51:
 280 0006 10E0      		ldi r17,lo8(0)
 281               	.LVL16:
 282               	.L19:
 283               	.LSM52:
 284 0008 110F      		lsl r17
 285               	.LVL17:
 286               	.LSM53:
 287 000a 0E94 0000 		call I2CGetBit
 288 000e 8111      		cpse r24,__zero_reg__
 289               	.LSM54:
 290 0010 1160      		ori r17,lo8(1)
 291               	.LVL18:
 292               	.L18:
 293               	.LSM55:
 294 0012 0150      		subi r16,lo8(-(-1))
 295               	.LSM56:
 296 0014 01F4      		brne .L19
 297               	.LSM57:
 298 0016 812F      		mov r24,r17
 299               	/* epilogue start */
 300 0018 1F91      		pop r17
 301               	.LVL19:
 302 001a 0F91      		pop r16
 303 001c 0895      		ret
 304               	.LFE14:
 394               	.Letext0:
DEFINED SYMBOLS
                            *ABS*:00000000 pe0fko_I2Copencollector.c
C:\Users\Alex\AppData\Local\Temp\ccOkuFeW.s:2      *ABS*:0000003f __SREG__
C:\Users\Alex\AppData\Local\Temp\ccOkuFeW.s:3      *ABS*:0000003e __SP_H__
C:\Users\Alex\AppData\Local\Temp\ccOkuFeW.s:4      *ABS*:0000003d __SP_L__
C:\Users\Alex\AppData\Local\Temp\ccOkuFeW.s:5      *ABS*:00000034 __CCP__
C:\Users\Alex\AppData\Local\Temp\ccOkuFeW.s:6      *ABS*:00000000 __tmp_reg__
C:\Users\Alex\AppData\Local\Temp\ccOkuFeW.s:7      *ABS*:00000001 __zero_reg__
C:\Users\Alex\AppData\Local\Temp\ccOkuFeW.s:18     .text.I2CDelay:00000000 I2CDelay
C:\Users\Alex\AppData\Local\Temp\ccOkuFeW.s:43     .text.I2CStretch:00000000 I2CStretch
C:\Users\Alex\AppData\Local\Temp\ccOkuFeW.s:87     .text.I2CGetBit:00000000 I2CGetBit
C:\Users\Alex\AppData\Local\Temp\ccOkuFeW.s:114    .text.I2CSendStart:00000000 I2CSendStart
C:\Users\Alex\AppData\Local\Temp\ccOkuFeW.s:139    .text.I2CSendStop:00000000 I2CSendStop
C:\Users\Alex\AppData\Local\Temp\ccOkuFeW.s:162    .text.I2CSend0:00000000 I2CSend0
C:\Users\Alex\AppData\Local\Temp\ccOkuFeW.s:185    .text.I2CSend1:00000000 I2CSend1
C:\Users\Alex\AppData\Local\Temp\ccOkuFeW.s:208    .text.I2CSendByte:00000000 I2CSendByte
C:\Users\Alex\AppData\Local\Temp\ccOkuFeW.s:267    .text.I2CReceiveByte:00000000 I2CReceiveByte

UNDEFINED SYMBOLS
I2CErrors
