   1               		.file	"USB-Descriptors.c"
   2               	__SREG__ = 0x3f
   3               	__SP_H__ = 0x3e
   4               	__SP_L__ = 0x3d
   5               	__CCP__ = 0x34
   6               	__tmp_reg__ = 0
   7               	__zero_reg__ = 1
  15               	.Ltext0:
  16               		.section	.text.CALLBACK_USB_GetDescriptor,"ax",@progbits
  17               	.global	CALLBACK_USB_GetDescriptor
  19               	CALLBACK_USB_GetDescriptor:
  20               	.LFB28:
  21               	.LSM0:
  22               	.LVL0:
  23               	/* prologue: function */
  24               	/* frame size = 0 */
  25               	/* stack size = 0 */
  26               	.L__stack_usage = 0
  27               	.LSM1:
  28 0000 9230      		cpi r25,lo8(2)
  29 0002 01F0      		breq .L4
  30 0004 9330      		cpi r25,lo8(3)
  31 0006 01F0      		breq .L5
  32 0008 9130      		cpi r25,lo8(1)
  33 000a 01F4      		brne .L12
  34 000c 00C0      		rjmp .L10
  35               	.L4:
  36               	.LVL1:
  37               	.LSM2:
  38 000e 22E1      		ldi r18,lo8(18)
  39 0010 30E0      		ldi r19,hi8(18)
  40               	.LSM3:
  41 0012 E0E0      		ldi r30,lo8(ConfigurationDescriptor)
  42 0014 F0E0      		ldi r31,hi8(ConfigurationDescriptor)
  43               	.LSM4:
  44 0016 00C0      		rjmp .L3
  45               	.LVL2:
  46               	.L5:
  47               	.LSM5:
  48 0018 8130      		cpi r24,lo8(1)
  49 001a 01F0      		breq .L7
  50 001c 8130      		cpi r24,lo8(1)
  51 001e 00F0      		brlo .L6
  52 0020 8230      		cpi r24,lo8(2)
  53 0022 01F0      		breq .L8
  54 0024 8330      		cpi r24,lo8(3)
  55 0026 01F4      		brne .L12
  56 0028 00C0      		rjmp .L14
  57               	.L6:
  58               	.LVL3:
  59               	.LBB2:
  60               	.LSM6:
  61 002a E0E0      		ldi r30,lo8(LanguageString)
  62 002c F0E0      		ldi r31,hi8(LanguageString)
  63               	/* #APP */
  64               	 ;  196 "USB-Descriptors.c" 1
  65 002e 2491      		lpm r18, Z
  66               		
  67               	 ;  0 "" 2
  68               	.LVL4:
  69               	/* #NOAPP */
  70 0030 00C0      		rjmp .L13
  71               	.LVL5:
  72               	.L7:
  73               	.LBE2:
  74               	.LBB3:
  75               	.LSM7:
  76 0032 E0E0      		ldi r30,lo8(ManufacturerString)
  77 0034 F0E0      		ldi r31,hi8(ManufacturerString)
  78               	/* #APP */
  79               	 ;  200 "USB-Descriptors.c" 1
  80 0036 2491      		lpm r18, Z
  81               		
  82               	 ;  0 "" 2
  83               	.LVL6:
  84               	/* #NOAPP */
  85 0038 00C0      		rjmp .L13
  86               	.LVL7:
  87               	.L8:
  88               	.LBE3:
  89               	.LBB4:
  90               	.LSM8:
  91 003a E0E0      		ldi r30,lo8(ProductString)
  92 003c F0E0      		ldi r31,hi8(ProductString)
  93               	/* #APP */
  94               	 ;  204 "USB-Descriptors.c" 1
  95 003e 2491      		lpm r18, Z
  96               		
  97               	 ;  0 "" 2
  98               	.LVL8:
  99               	/* #NOAPP */
 100 0040 00C0      		rjmp .L13
 101               	.LVL9:
 102               	.L14:
 103               	.LBE4:
 104               	.LBB5:
 105               	.LSM9:
 106 0042 E0E0      		ldi r30,lo8(SerialNumberString)
 107 0044 F0E0      		ldi r31,hi8(SerialNumberString)
 108               	/* #APP */
 109               	 ;  208 "USB-Descriptors.c" 1
 110 0046 2491      		lpm r18, Z
 111               		
 112               	 ;  0 "" 2
 113               	.LVL10:
 114               	/* #NOAPP */
 115               	.L13:
 116               	.LBE5:
 117 0048 30E0      		ldi r19,lo8(0)
 118               	.LVL11:
 119               	.LSM10:
 120 004a 00C0      		rjmp .L3
 121               	.LVL12:
 122               	.L10:
 123               	.LSM11:
 124 004c 22E1      		ldi r18,lo8(18)
 125 004e 30E0      		ldi r19,hi8(18)
 126               	.LSM12:
 127 0050 E0E0      		ldi r30,lo8(DeviceDescriptor)
 128 0052 F0E0      		ldi r31,hi8(DeviceDescriptor)
 129 0054 00C0      		rjmp .L3
 130               	.L12:
 131               	.LSM13:
 132 0056 20E0      		ldi r18,lo8(0)
 133 0058 30E0      		ldi r19,hi8(0)
 134               	.LSM14:
 135 005a E0E0      		ldi r30,lo8(0)
 136 005c F0E0      		ldi r31,hi8(0)
 137               	.LVL13:
 138               	.L3:
 139               	.LSM15:
 140 005e DA01      		movw r26,r20
 141 0060 1196      		adiw r26,1
 142 0062 FC93      		st X,r31
 143 0064 EE93      		st -X,r30
 144               	.LSM16:
 145 0066 C901      		movw r24,r18
 146               	.LVL14:
 147               	/* epilogue start */
 148 0068 0895      		ret
 149               	.LFE28:
 151               	.global	DeviceDescriptor
 152               		.section	.progmem.data,"a",@progbits
 155               	DeviceDescriptor:
 156 0000 12        		.byte	18
 157 0001 01        		.byte	1
 158 0002 1001      		.word	272
 159 0004 00        		.byte	0
 160 0005 00        		.byte	0
 161 0006 00        		.byte	0
 162 0007 08        		.byte	8
 163 0008 C016      		.word	5824
 164 000a DC05      		.word	1500
 165 000c 0000      		.word	0
 166 000e 01        		.byte	1
 167 000f 02        		.byte	2
 168 0010 03        		.byte	3
 169 0011 01        		.byte	1
 170               	.global	ConfigurationDescriptor
 173               	ConfigurationDescriptor:
 174 0012 09        		.byte	9
 175 0013 02        		.byte	2
 176 0014 1200      		.word	18
 177 0016 01        		.byte	1
 178 0017 01        		.byte	1
 179 0018 00        		.byte	0
 180 0019 C0        		.byte	-64
 181 001a 32        		.byte	50
 182 001b 09        		.byte	9
 183 001c 04        		.byte	4
 184 001d 00        		.byte	0
 185 001e 00        		.byte	0
 186 001f 00        		.byte	0
 187 0020 00        		.byte	0
 188 0021 00        		.byte	0
 189 0022 00        		.byte	0
 190 0023 00        		.byte	0
 191               	.global	LanguageString
 194               	LanguageString:
 195 0024 04        		.byte	4
 196 0025 03        		.byte	3
 197 0026 0904      		.word	1033
 198               	.global	ManufacturerString
 201               	ManufacturerString:
 202 0028 1A        		.byte	26
 203 0029 03        		.byte	3
 204 002a 7700      		.string	"w"
 205 002c 7700      		.string	"w"
 206 002e 7700      		.string	"w"
 207 0030 2E00      		.string	"."
 208 0032 6F00      		.string	"o"
 209 0034 6200      		.string	"b"
 210 0036 6400      		.string	"d"
 211 0038 6500      		.string	"e"
 212 003a 7600      		.string	"v"
 213 003c 2E00      		.string	"."
 214 003e 6100      		.string	"a"
 215 0040 7400      		.string	"t"
 216 0042 00        		.string	""
 217 0043 00        		.string	""
 218               	.global	ProductString
 221               	ProductString:
 222 0044 16        		.byte	22
 223 0045 03        		.byte	3
 224 0046 4400      		.string	"D"
 225 0048 4700      		.string	"G"
 226 004a 3800      		.string	"8"
 227 004c 5300      		.string	"S"
 228 004e 4100      		.string	"A"
 229 0050 5100      		.string	"Q"
 230 0052 2D00      		.string	"-"
 231 0054 4900      		.string	"I"
 232 0056 3200      		.string	"2"
 233 0058 4300      		.string	"C"
 234 005a 00        		.string	""
 235 005b 00        		.string	""
 236               	.global	SerialNumberString
 239               	SerialNumberString:
 240 005c 14        		.byte	20
 241 005d 03        		.byte	3
 242 005e 5400      		.string	"T"
 243 0060 4600      		.string	"F"
 244 0062 3300      		.string	"3"
 245 0064 4C00      		.string	"L"
 246 0066 4A00      		.string	"J"
 247 0068 2D00      		.string	"-"
 248 006a 3100      		.string	"1"
 249 006c 2E00      		.string	"."
 250 006e 3000      		.string	"0"
 251 0070 00        		.string	""
 252 0071 00        		.string	""
 277               	.Letext0:
DEFINED SYMBOLS
                            *ABS*:00000000 USB-Descriptors.c
C:\Users\Alex\AppData\Local\Temp\ccwbx3o8.s:2      *ABS*:0000003f __SREG__
C:\Users\Alex\AppData\Local\Temp\ccwbx3o8.s:3      *ABS*:0000003e __SP_H__
C:\Users\Alex\AppData\Local\Temp\ccwbx3o8.s:4      *ABS*:0000003d __SP_L__
C:\Users\Alex\AppData\Local\Temp\ccwbx3o8.s:5      *ABS*:00000034 __CCP__
C:\Users\Alex\AppData\Local\Temp\ccwbx3o8.s:6      *ABS*:00000000 __tmp_reg__
C:\Users\Alex\AppData\Local\Temp\ccwbx3o8.s:7      *ABS*:00000001 __zero_reg__
C:\Users\Alex\AppData\Local\Temp\ccwbx3o8.s:19     .text.CALLBACK_USB_GetDescriptor:00000000 CALLBACK_USB_GetDescriptor
C:\Users\Alex\AppData\Local\Temp\ccwbx3o8.s:173    .progmem.data:00000012 ConfigurationDescriptor
C:\Users\Alex\AppData\Local\Temp\ccwbx3o8.s:194    .progmem.data:00000024 LanguageString
C:\Users\Alex\AppData\Local\Temp\ccwbx3o8.s:201    .progmem.data:00000028 ManufacturerString
C:\Users\Alex\AppData\Local\Temp\ccwbx3o8.s:221    .progmem.data:00000044 ProductString
C:\Users\Alex\AppData\Local\Temp\ccwbx3o8.s:239    .progmem.data:0000005c SerialNumberString
C:\Users\Alex\AppData\Local\Temp\ccwbx3o8.s:155    .progmem.data:00000000 DeviceDescriptor

NO UNDEFINED SYMBOLS
